     VMA      LMA     Size Align Out     In      Symbol
       0        0        0     1 RAM_START = 0x20000000
       0        0        0     1 RAM_LENGTH = 0x00080000
       0        0        0     1 FLASH_START = 0x00000000
       0        0        0     1 FLASH_LENGTH = 0x00200000
       0        0        0     1 DATA_FLASH_START = 0x08000000
       0        0        0     1 DATA_FLASH_LENGTH = 0x00002000
       0        0        0     1 QSPI_FLASH_START = 0x60000000
       0        0        0     1 QSPI_FLASH_LENGTH = 0x04000000
       0        0        0     1 OSPI0_CS0_START = 0x68000000
       0        0        0     1 OSPI0_CS0_LENGTH = 0x08000000
       0        0        0     1 OSPI0_CS1_START = 0x70000000
       0        0        0     1 OSPI0_CS1_LENGTH = 0x10000000
       0        0        0     1 OPTION_SETTING_OFS0_START = 0x0100a100
       0        0        0     1 OPTION_SETTING_OFS0_LENGTH = 0x00000004
       0        0        0     1 OPTION_SETTING_DUALSEL_START = 0x0100a110
       0        0        0     1 OPTION_SETTING_DUALSEL_LENGTH = 0x00000004
       0        0        0     1 OPTION_SETTING_OFS1_START = 0x0100a180
       0        0        0     1 OPTION_SETTING_OFS1_LENGTH = 0x00000004
       0        0        0     1 OPTION_SETTING_BANKSEL_START = 0x0100a190
       0        0        0     1 OPTION_SETTING_BANKSEL_LENGTH = 0x00000004
       0        0        0     1 OPTION_SETTING_BPS_START = 0x0100a1c0
       0        0        0     1 OPTION_SETTING_BPS_LENGTH = 0x00000010
       0        0        0     1 OPTION_SETTING_PBPS_START = 0x0100a1e0
       0        0        0     1 OPTION_SETTING_PBPS_LENGTH = 0x00000010
       0        0        0     1 OPTION_SETTING_OFS1_SEC_START = 0x0100a200
       0        0        0     1 OPTION_SETTING_OFS1_SEC_LENGTH = 0x00000004
       0        0        0     1 OPTION_SETTING_BANKSEL_SEC_START = 0x0100a210
       0        0        0     1 OPTION_SETTING_BANKSEL_SEC_LENGTH = 0x00000004
       0        0        0     1 OPTION_SETTING_BPS_SEC_START = 0x0100a240
       0        0        0     1 OPTION_SETTING_BPS_SEC_LENGTH = 0x00000010
       0        0        0     1 OPTION_SETTING_PBPS_SEC_START = 0x0100a260
       0        0        0     1 OPTION_SETTING_PBPS_SEC_LENGTH = 0x00000010
       0        0        0     1 OPTION_SETTING_OFS1_SEL_START = 0x0100a280
       0        0        0     1 OPTION_SETTING_OFS1_SEL_LENGTH = 0x00000004
       0        0        0     1 OPTION_SETTING_BANKSEL_SEL_START = 0x0100a290
       0        0        0     1 OPTION_SETTING_BANKSEL_SEL_LENGTH = 0x00000004
       0        0        0     1 OPTION_SETTING_BPS_SEL_START = 0x0100a2c0
       0        0        0     1 OPTION_SETTING_BPS_SEL_LENGTH = 0x00000010
60000000 60000000        0     1 .qspi_flash.startof
60000000 60000000        0     1         __ddsc_QSPI_FLASH_START = .
68000000 68000000        0     1 .ospi0_cs0.startof
68000000 68000000        0     1         __ddsc_OSPI0_CS0_START = .
68000000 68000000        0     1 __ospi0_cs0_from_qspi_flash$$
68000000 68000000        0     1         __ospi0_cs0_from_qspi_flash$$Base = .
68000000 68000000        0     1         __ospi0_cs0_from_qspi_flash$$Load = LOADADDR(__ospi0_cs0_from_qspi_flash$$)
68000000 68000000        0     1         __ospi0_cs0_from_qspi_flash$$Limit = .
20000000 20000000        0     1 .ram.startof
20000000 20000000        0     1         __ddsc_RAM_START = .
20000000 20000000        0     1 __ram_dtc_vector$$
20000000 20000000        0     1         __ram_dtc_vector$$Base = .
20000000 20000000        0     1         __ram_dtc_vector$$Limit = .
20000000 20000000        0     1 __ram_from_qspi_flash$$
20000000 20000000        0     1         __ram_from_qspi_flash$$Base = .
20000000 20000000        0     1         __ram_from_qspi_flash$$Load = LOADADDR(__ram_from_qspi_flash$$)
20000000 20000000        0     1         __ram_from_qspi_flash$$Limit = .
60000000 60000000        0     1 __qspi_flash_readonly$$
60000000 60000000        0     1         __qspi_flash_readonly$$Base = .
60000000 60000000        0     1         __qspi_flash_readonly$$Limit = .
60000000 60000000        0     1 __qspi_flash_noinit$$
60000000 60000000        0     1         __qspi_flash_noinit$$Base = .
60000000 60000000        0     1         __qspi_flash_noinit$$Limit = .
60000000 60000000        0     1 .qspi_flash.endof
60000000 60000000        0     1         __ddsc_QSPI_FLASH_END = .
70000000 70000000        0     1 .ospi0_cs1.startof
70000000 70000000        0     1         __ddsc_OSPI0_CS1_START = .
68000000 68000000        0     1 __ospi0_cs0_from_ospi0_cs1$$
68000000 68000000        0     1         __ospi0_cs0_from_ospi0_cs1$$Base = .
68000000 68000000        0     1         __ospi0_cs0_from_ospi0_cs1$$Load = LOADADDR(__ospi0_cs0_from_ospi0_cs1$$)
68000000 68000000        0     1         __ospi0_cs0_from_ospi0_cs1$$Limit = .
20000000 20000000        0     1 __ram_from_ospi0_cs1$$
20000000 20000000        0     1         __ram_from_ospi0_cs1$$Base = .
20000000 20000000        0     1         __ram_from_ospi0_cs1$$Load = LOADADDR(__ram_from_ospi0_cs1$$)
20000000 20000000        0     1         __ram_from_ospi0_cs1$$Limit = .
70000000 70000000        0     1 __ospi0_cs1_readonly$$
70000000 70000000        0     1         __ospi0_cs1_readonly$$Base = .
70000000 70000000        0     1         __ospi0_cs1_readonly$$Limit = .
70000000 70000000        0     1 __ospi0_cs1_noinit$$
70000000 70000000        0     1         __ospi0_cs1_noinit$$Base = .
70000000 70000000        0     1         __ospi0_cs1_noinit$$Limit = .
70000000 70000000        0     1 .ospi0_cs1.endof
70000000 70000000        0     1         __ddsc_OSPI0_CS1_END = .
 8000000  8000000        0     1 .data_flash.startof
 8000000  8000000        0     1         __ddsc_DATA_FLASH_START = .
68000000 68000000        0     1 __ospi0_cs0_from_data_flash$$
68000000 68000000        0     1         __ospi0_cs0_from_data_flash$$Base = .
68000000 68000000        0     1         __ospi0_cs0_from_data_flash$$Load = LOADADDR(__ospi0_cs0_from_data_flash$$)
68000000 68000000        0     1         __ospi0_cs0_from_data_flash$$Limit = .
20000000 20000000        0     1 __ram_from_data_flash$$
20000000 20000000        0     1         __ram_from_data_flash$$Base = .
20000000 20000000        0     1         __ram_from_data_flash$$Load = LOADADDR(__ram_from_data_flash$$)
20000000 20000000        0     1         __ram_from_data_flash$$Limit = .
 8000000  8000000        0     1 __data_flash_readonly$$
 8000000  8000000        0     1         __data_flash_readonly$$Base = .
 8000000  8000000        0     1         __data_flash_readonly$$Limit = .
 8000000  8000000        0     1 __data_flash_noinit$$
 8000000  8000000        0     1         __data_flash_noinit$$Base = .
 8000000  8000000        0     1         __data_flash_noinit$$Limit = .
 8000000  8000000        0     1 .data_flash.endof
 8000000  8000000        0     1         __ddsc_DATA_FLASH_END = .
       0        0        0     1 .flash.startof
       0        0        0     1         __ddsc_FLASH_START = .
       0        0       5c     4 __flash_vectors$$
       0        0        0     1         __flash_vectors$$Base = .
       0        0        0     1         _VECTORS = .
       0        0       40     4         ./ra/fsp/src/bsp/cmsis/Device/RENESAS/Source/startup.o:(.fixed_vectors)
       0        0       40     1                 __Vectors
      40       40       1c     4         ./ra_gen/vector_data.o:(.application_vectors)
      40       40       1c     1                 g_vector_table
      5c       5c        0     1         __flash_vectors$$Limit = .
      5c       5c        0     1 __flash_noinit$$
      5c       5c        0     1         __flash_noinit$$Base = .
      5c       5c        0     1         __flash_noinit$$Limit = .
68000000 68000000        0     1 __ospi0_cs0_from_flash$$
68000000 68000000        0     1         __ospi0_cs0_from_flash$$Base = .
68000000 68000000        0     1         __ospi0_cs0_from_flash$$Load = LOADADDR(__ospi0_cs0_from_flash$$)
68000000 68000000        0     1         __ospi0_cs0_from_flash$$Limit = .
68000000 68000000        0     1 __ospi0_cs0_noinit_nocache$$
68000000 68000000        0     1         __ospi0_cs0_noinit_nocache$$Base = .
68000000 68000000        0     1         __ospi0_cs0_noinit_nocache$$Limit = .
68000000 68000000        0     1 __ospi0_cs0_zero_nocache$$
68000000 68000000        0     1         __ospi0_cs0_zero_nocache$$Base = .
68000000 68000000        0     1         . = ALIGN(32)
68000000 68000000        0     1         __ospi0_cs0_zero_nocache$$Limit = .
68000000 68000000        0     1 __ospi0_cs0_noinit$$
68000000 68000000        0     1         __ospi0_cs0_noinit$$Base = .
68000000 68000000        0     1         __ospi0_cs0_noinit$$Limit = .
68000000 68000000        0     1 __ospi0_cs0_zero$$
68000000 68000000        0     1         __ospi0_cs0_zero$$Base = .
68000000 68000000        0     1         __ospi0_cs0_zero$$Limit = .
68000000 68000000        0     1 .ospi0_cs0.endof
68000000 68000000        0     1         __ddsc_OSPI0_CS0_END = .
20000000       5c      104     4 __ram_from_flash$$
20000000       5c        0     1         __ram_from_flash$$Base = .
20000000       5c        0     1         __ram_from_flash$$Load = LOADADDR(__ram_from_flash$$)
20000000       5c        8     4         ./ra_gen/common_data.o:(.data.g_comms_i2c_bus0_recursive_mutex)
20000000       5c        8     1                 g_comms_i2c_bus0_recursive_mutex
20000008       64        8     4         ./ra_gen/common_data.o:(.data.g_comms_i2c_bus0_blocking_semaphore)
20000008       64        8     1                 g_comms_i2c_bus0_blocking_semaphore
20000010       6c       1c     4         ./ra_gen/common_data.o:(.data.g_comms_i2c_bus0_extended_cfg)
20000010       6c       1c     1                 g_comms_i2c_bus0_extended_cfg
2000002c       88       2c     4         ./ra_gen/sensor_thread.o:(.data.g_zmod4xxx_sensor0_extended_cfg)
2000002c       88       2c     1                 g_zmod4xxx_sensor0_extended_cfg
20000058       b4        4     1         ./ra_gen/wifi_thread.o:(.data.g_uart_esp_baud_setting)
20000058       b4        4     1                 g_uart_esp_baud_setting
2000005c       b8        a     1         ./ra/fsp/src/rm_zmod4xxx/iaq_2nd_gen/rm_zmod4410_iaq_2nd_gen.o:(.data.data_set_4410i)
2000005c       b8        a     1                 data_set_4410i
20000066       c2       3c     1         ./ra/fsp/src/rm_zmod4xxx/iaq_2nd_gen/rm_zmod4410_iaq_2nd_gen.o:(.data.data_set_4410_iaq_2nd_gen)
20000066       c2       3c     1                 data_set_4410_iaq_2nd_gen
200000a4      100       60     4         ./ra/fsp/src/rm_zmod4xxx/iaq_2nd_gen/rm_zmod4410_iaq_2nd_gen.o:(.data.g_zmod4410_iaq_2nd_gen_sensor_type)
200000a4      100       60     1                 g_zmod4410_iaq_2nd_gen_sensor_type
20000104      160        0     1         __ram_from_flash$$Limit = .
20000120 20000120        0     1 __ram_noinit_nocache$$
20000120 20000120        0     1         __ram_noinit_nocache$$Base = .
20000120 20000120        0     1         __ram_noinit_nocache$$Limit = .
20000120 20000120        0     1 __ram_zero_nocache$$
20000120 20000120        0     1         __ram_zero_nocache$$Base = .
20000120 20000120        0     1         . = ALIGN(32)
20000120 20000120        0     1         __ram_zero_nocache$$Limit = .
20000120 20000120      41c     8 __ram_noinit$$
20000120 20000120        0     1         __ram_noinit$$Base = .
20000120 20000120      400     8         ./ra/fsp/src/bsp/cmsis/Device/RENESAS/Source/startup.o:(.bss.g_main_stack)
20000120 20000120      400     1                 g_main_stack
20000520 20000520       1c     4         ./ra/fsp/src/bsp/mcu/all/bsp_clocks.o:(.ram_noinit)
20000520 20000520       1c     1                 g_clock_freq
2000053c 2000053c        0     1         __ram_noinit$$Limit = .
2000053c 2000053c      e80     4 __ram_zero$$
2000053c 2000053c        0     1         __ram_zero$$Base = .
2000053c 2000053c       14     4         ./src/ai_thread_entry.o:(.bss.eco2_history)
2000053c 2000053c       14     1                 eco2_history
20000550 20000550        1     1         ./src/ai_thread_entry.o:(.bss.history_index)
20000550 20000550        1     1                 history_index
20000554 20000554       14     4         ./src/ai_thread_entry.o:(.bss.tvoc_history)
20000554 20000554       14     1                 tvoc_history
20000568 20000568        4     4         ./src/ai_thread_entry.o:(.bss.sample_count)
20000568 20000568        4     1                 sample_count
2000056c 2000056c       20     1         ./src/sensor_thread_entry.o:(.bss.zmod_raw_data)
2000056c 2000056c       20     1                 zmod_raw_data
2000058c 2000058c       60     4         ./src/sensor_thread_entry.o:(.bss.zmod_iaq_data)
2000058c 2000058c       60     1                 zmod_iaq_data
200005ec 200005ec        4     4         ./src/wifi_thread_entry.o:(.bss.g_uart_tx_done)
200005ec 200005ec        4     1                 g_uart_tx_done
200005f0 200005f0       48     4         ./src/wifi_thread_entry.o:(.bss.g_uart_tx_done_memory)
200005f0 200005f0       48     1                 g_uart_tx_done_memory
20000638 20000638       68     4         ./ra_gen/ai_thread.o:(.bss.ai_thread_memory)
20000638 20000638       68     1                 ai_thread_memory
200006a0 200006a0        4     4         ./ra_gen/ai_thread.o:(.bss.ai_thread)
200006a0 200006a0        4     1                 ai_thread
200006a4 200006a4       10     4         ./ra_gen/common_data.o:(.bss.g_external_irq0_ctrl)
200006a4 200006a4       10     1                 g_external_irq0_ctrl
200006b4 200006b4       40     4         ./ra_gen/common_data.o:(.bss.g_i2c0_ctrl)
200006b4 200006b4       40     1                 g_i2c0_ctrl
200006f4 200006f4        4     4         ./ra_gen/common_data.o:(.bss.g_comms_i2c_bus0_recursive_mutex_handle)
200006f4 200006f4        4     1                 g_comms_i2c_bus0_recursive_mutex_handle
200006f8 200006f8       48     4         ./ra_gen/common_data.o:(.bss.g_comms_i2c_bus0_recursive_mutex_memory)
200006f8 200006f8       48     1                 g_comms_i2c_bus0_recursive_mutex_memory
20000740 20000740        4     4         ./ra_gen/common_data.o:(.bss.g_comms_i2c_bus0_blocking_semaphore_handle)
20000740 20000740        4     1                 g_comms_i2c_bus0_blocking_semaphore_handle
20000744 20000744       48     4         ./ra_gen/common_data.o:(.bss.g_comms_i2c_bus0_blocking_semaphore_memory)
20000744 20000744       48     1                 g_comms_i2c_bus0_blocking_semaphore_memory
2000078c 2000078c        8     4         ./ra_gen/common_data.o:(.bss.g_ioport_ctrl)
2000078c 2000078c        8     1                 g_ioport_ctrl
20000794 20000794       3c     1         ./ra_gen/common_data.o:(.bss.g_sensor_queue_queue_memory)
20000794 20000794       3c     1                 g_sensor_queue_queue_memory
200007d0 200007d0       48     4         ./ra_gen/common_data.o:(.bss.g_sensor_queue_memory)
200007d0 200007d0       48     1                 g_sensor_queue_memory
20000818 20000818        4     4         ./ra_gen/common_data.o:(.bss.g_sensor_queue)
20000818 20000818        4     1                 g_sensor_queue
2000081c 2000081c       50     1         ./ra_gen/common_data.o:(.bss.g_wifi_queue_queue_memory)
2000081c 2000081c       50     1                 g_wifi_queue_queue_memory
2000086c 2000086c       48     4         ./ra_gen/common_data.o:(.bss.g_wifi_queue_memory)
2000086c 2000086c       48     1                 g_wifi_queue_memory
200008b4 200008b4        4     4         ./ra_gen/common_data.o:(.bss.g_wifi_queue)
200008b4 200008b4        4     1                 g_wifi_queue
200008b8 200008b8       48     4         ./ra_gen/common_data.o:(.bss.g_zmod_semaphore_memory)
200008b8 200008b8       48     1                 g_zmod_semaphore_memory
20000900 20000900        4     4         ./ra_gen/common_data.o:(.bss.g_zmod_semaphore)
20000900 20000900        4     1                 g_zmod_semaphore
20000904 20000904        4     4         ./ra_gen/main.o:(.bss.g_fsp_common_initialized_semaphore)
20000904 20000904        4     1                 g_fsp_common_initialized_semaphore
20000908 20000908        1     1         ./ra_gen/main.o:(.bss.g_fsp_common_initialized)
20000908 20000908        1     1                 g_fsp_common_initialized
2000090c 2000090c        4     4         ./ra_gen/main.o:(.bss.g_fsp_common_thread_count)
2000090c 2000090c        4     1                 g_fsp_common_thread_count
20000910 20000910       48     4         ./ra_gen/main.o:(.bss.g_fsp_common_initialized_semaphore_memory)
20000910 20000910       48     1                 g_fsp_common_initialized_semaphore_memory
20000958 20000958       68     4         ./ra_gen/main.o:(.bss.vApplicationGetIdleTaskMemory.xIdleTaskTCB)
20000958 20000958       68     1                 vApplicationGetIdleTaskMemory.xIdleTaskTCB
200009c0 200009c0      200     4         ./ra_gen/main.o:(.bss.vApplicationGetIdleTaskMemory.uxIdleTaskStack)
200009c0 200009c0      200     1                 vApplicationGetIdleTaskMemory.uxIdleTaskStack
20000bc0 20000bc0       68     4         ./ra_gen/main.o:(.bss.vApplicationGetTimerTaskMemory.xTimerTaskTCB)
20000bc0 20000bc0       68     1                 vApplicationGetTimerTaskMemory.xTimerTaskTCB
20000c28 20000c28      200     4         ./ra_gen/main.o:(.bss.vApplicationGetTimerTaskMemory.uxTimerTaskStack)
20000c28 20000c28      200     1                 vApplicationGetTimerTaskMemory.uxTimerTaskStack
20000e28 20000e28       78     4         ./ra_gen/sensor_thread.o:(.bss.g_zmod4xxx_sensor0_ctrl)
20000e28 20000e28       78     1                 g_zmod4xxx_sensor0_ctrl
20000ea0 20000ea0       24     4         ./ra_gen/sensor_thread.o:(.bss.g_comms_i2c_device0_ctrl)
20000ea0 20000ea0       24     1                 g_comms_i2c_device0_ctrl
20000ec4 20000ec4        7     1         ./ra_gen/sensor_thread.o:(.bss.g_zmod4xxx_sensor0_product_data)
20000ec4 20000ec4        7     1                 g_zmod4xxx_sensor0_product_data
20000ecc 20000ecc       28     4         ./ra_gen/sensor_thread.o:(.bss.g_zmod4xxx_sensor0_dev)
20000ecc 20000ecc       28     1                 g_zmod4xxx_sensor0_dev
20000ef4 20000ef4       9c     4         ./ra_gen/sensor_thread.o:(.bss.g_zmod4xxx_sensor0_lib_handle)
20000ef4 20000ef4       9c     1                 g_zmod4xxx_sensor0_lib_handle
20000f90 20000f90       58     4         ./ra_gen/sensor_thread.o:(.bss.g_zmod4xxx_sensor0_lib_results)
20000f90 20000f90       58     1                 g_zmod4xxx_sensor0_lib_results
20000fe8 20000fe8       68     4         ./ra_gen/sensor_thread.o:(.bss.sensor_thread_memory)
20000fe8 20000fe8       68     1                 sensor_thread_memory
20001050 20001050        4     4         ./ra_gen/sensor_thread.o:(.bss.sensor_thread)
20001050 20001050        4     1                 sensor_thread
20001054 20001054       30     4         ./ra_gen/wifi_thread.o:(.bss.g_uart_esp_ctrl)
20001054 20001054       30     1                 g_uart_esp_ctrl
20001084 20001084       68     4         ./ra_gen/wifi_thread.o:(.bss.wifi_thread_memory)
20001084 20001084       68     1                 wifi_thread_memory
200010ec 200010ec        4     4         ./ra_gen/wifi_thread.o:(.bss.wifi_thread)
200010ec 200010ec        4     1                 wifi_thread
200010f0 200010f0        4     4         ./ra/fsp/src/rm_freertos_port/port.o:(.bss.uxCriticalNesting)
200010f0 200010f0        4     1                 uxCriticalNesting
200010f4 200010f4        4     4         ./ra/fsp/src/rm_freertos_port/port.o:(.bss.g_mask_level_before_disable)
200010f4 200010f4        4     1                 g_mask_level_before_disable
200010f8 200010f8       40     4         ./ra/fsp/src/bsp/mcu/all/bsp_group_irq.o:(.bss.g_bsp_group_irq_sources)
200010f8 200010f8       40     1                 g_bsp_group_irq_sources
20001138 20001138        4     4         ./ra/fsp/src/bsp/mcu/all/bsp_io.o:(.bss.g_protect_pfswe_counter)
20001138 20001138        4     1                 g_protect_pfswe_counter
2000113c 2000113c       1c     4         ./ra/fsp/src/bsp/mcu/all/bsp_irq.o:(.bss.gp_renesas_isr_context)
2000113c 2000113c       1c     1                 gp_renesas_isr_context
20001158 20001158        a     2         ./ra/fsp/src/bsp/mcu/all/bsp_register_protection.o:(.bss.g_protect_counters)
20001158 20001158        a     1                 g_protect_counters
20001164 20001164        4     4         ./ra/fsp/src/bsp/cmsis/Device/RENESAS/Source/system.o:(.bss.SystemCoreClock)
20001164 20001164        4     1                 SystemCoreClock
20001168 20001168       50     4         ./ra/aws/FreeRTOS/FreeRTOS/Source/queue.o:(.bss.xQueueRegistry)
20001168 20001168       50     1                 xQueueRegistry
200011b8 200011b8        4     4         ./ra/aws/FreeRTOS/FreeRTOS/Source/tasks.o:(.bss.pxCurrentTCB)
200011b8 200011b8        4     1                 pxCurrentTCB
200011bc 200011bc        4     4         ./ra/aws/FreeRTOS/FreeRTOS/Source/tasks.o:(.bss.uxTaskNumber)
200011bc 200011bc        4     1                 uxTaskNumber
200011c0 200011c0        4     4         ./ra/aws/FreeRTOS/FreeRTOS/Source/tasks.o:(.bss.xSchedulerRunning)
200011c0 200011c0        4     1                 xSchedulerRunning
200011c4 200011c4       14     4         ./ra/aws/FreeRTOS/FreeRTOS/Source/tasks.o:(.bss.xTasksWaitingTermination)
200011c4 200011c4       14     1                 xTasksWaitingTermination
200011d8 200011d8        4     4         ./ra/aws/FreeRTOS/FreeRTOS/Source/tasks.o:(.bss.uxDeletedTasksWaitingCleanUp)
200011d8 200011d8        4     1                 uxDeletedTasksWaitingCleanUp
200011dc 200011dc        4     4         ./ra/aws/FreeRTOS/FreeRTOS/Source/tasks.o:(.bss.uxCurrentNumberOfTasks)
200011dc 200011dc        4     1                 uxCurrentNumberOfTasks
200011e0 200011e0        4     4         ./ra/aws/FreeRTOS/FreeRTOS/Source/tasks.o:(.bss.uxSchedulerSuspended)
200011e0 200011e0        4     1                 uxSchedulerSuspended
200011e4 200011e4        4     4         ./ra/aws/FreeRTOS/FreeRTOS/Source/tasks.o:(.bss.xTickCount)
200011e4 200011e4        4     1                 xTickCount
200011e8 200011e8       64     4         ./ra/aws/FreeRTOS/FreeRTOS/Source/tasks.o:(.bss.pxReadyTasksLists)
200011e8 200011e8       64     1                 pxReadyTasksLists
2000124c 2000124c        4     4         ./ra/aws/FreeRTOS/FreeRTOS/Source/tasks.o:(.bss.uxTopReadyPriority)
2000124c 2000124c        4     1                 uxTopReadyPriority
20001250 20001250       14     4         ./ra/aws/FreeRTOS/FreeRTOS/Source/tasks.o:(.bss.xSuspendedTaskList)
20001250 20001250       14     1                 xSuspendedTaskList
20001264 20001264        4     4         ./ra/aws/FreeRTOS/FreeRTOS/Source/tasks.o:(.bss.xYieldPendings)
20001264 20001264        4     1                 xYieldPendings
20001268 20001268       14     4         ./ra/aws/FreeRTOS/FreeRTOS/Source/tasks.o:(.bss.xPendingReadyList)
20001268 20001268       14     1                 xPendingReadyList
2000127c 2000127c        4     4         ./ra/aws/FreeRTOS/FreeRTOS/Source/tasks.o:(.bss.xNextTaskUnblockTime)
2000127c 2000127c        4     1                 xNextTaskUnblockTime
20001280 20001280        4     4         ./ra/aws/FreeRTOS/FreeRTOS/Source/tasks.o:(.bss.xIdleTaskHandles.0)
20001280 20001280        4     1                 xIdleTaskHandles.0
20001284 20001284        4     4         ./ra/aws/FreeRTOS/FreeRTOS/Source/tasks.o:(.bss.xPendedTicks)
20001284 20001284        4     1                 xPendedTicks
20001288 20001288        4     4         ./ra/aws/FreeRTOS/FreeRTOS/Source/tasks.o:(.bss.pxDelayedTaskList)
20001288 20001288        4     1                 pxDelayedTaskList
2000128c 2000128c        4     4         ./ra/aws/FreeRTOS/FreeRTOS/Source/tasks.o:(.bss.pxOverflowDelayedTaskList)
2000128c 2000128c        4     1                 pxOverflowDelayedTaskList
20001290 20001290        4     4         ./ra/aws/FreeRTOS/FreeRTOS/Source/tasks.o:(.bss.xNumOfOverflows)
20001290 20001290        4     1                 xNumOfOverflows
20001294 20001294       14     4         ./ra/aws/FreeRTOS/FreeRTOS/Source/tasks.o:(.bss.xDelayedTaskList1)
20001294 20001294       14     1                 xDelayedTaskList1
200012a8 200012a8       14     4         ./ra/aws/FreeRTOS/FreeRTOS/Source/tasks.o:(.bss.xDelayedTaskList2)
200012a8 200012a8       14     1                 xDelayedTaskList2
200012bc 200012bc        4     4         ./ra/aws/FreeRTOS/FreeRTOS/Source/timers.o:(.bss.xTimerQueue)
200012bc 200012bc        4     1                 xTimerQueue
200012c0 200012c0        4     4         ./ra/aws/FreeRTOS/FreeRTOS/Source/timers.o:(.bss.xTimerTaskHandle)
200012c0 200012c0        4     1                 xTimerTaskHandle
200012c4 200012c4        4     4         ./ra/aws/FreeRTOS/FreeRTOS/Source/timers.o:(.bss.pxCurrentTimerList)
200012c4 200012c4        4     1                 pxCurrentTimerList
200012c8 200012c8        4     4         ./ra/aws/FreeRTOS/FreeRTOS/Source/timers.o:(.bss.pxOverflowTimerList)
200012c8 200012c8        4     1                 pxOverflowTimerList
200012cc 200012cc        4     4         ./ra/aws/FreeRTOS/FreeRTOS/Source/timers.o:(.bss.prvSampleTimeNow.xLastTime)
200012cc 200012cc        4     1                 prvSampleTimeNow.xLastTime
200012d0 200012d0       14     4         ./ra/aws/FreeRTOS/FreeRTOS/Source/timers.o:(.bss.xActiveTimerList1)
200012d0 200012d0       14     1                 xActiveTimerList1
200012e4 200012e4       14     4         ./ra/aws/FreeRTOS/FreeRTOS/Source/timers.o:(.bss.xActiveTimerList2)
200012e4 200012e4       14     1                 xActiveTimerList2
200012f8 200012f8       48     4         ./ra/aws/FreeRTOS/FreeRTOS/Source/timers.o:(.bss.prvCheckForValidListAndQueue.xStaticTimerQueue)
200012f8 200012f8       48     1                 prvCheckForValidListAndQueue.xStaticTimerQueue
20001340 20001340       78     1         ./ra/aws/FreeRTOS/FreeRTOS/Source/timers.o:(.bss.prvCheckForValidListAndQueue.ucStaticTimerQueueStorage)
20001340 20001340       78     1                 prvCheckForValidListAndQueue.ucStaticTimerQueueStorage
200013b8 200013b8        4     4         C:\Renesas\e2_studio\toolchains\llvm_arm\ATfE-21.1.1-Windows-x86_64\bin\..\lib\clang-runtimes/arm-none-eabi/armv8m.main_hard_fp_exn_rtti_unaligned_size\lib\libc.a(libc_picolib_machine_arm_tls.c.o):(.bss.__tls)
200013b8 200013b8        4     1                 __tls
200013bc 200013bc        0     1         __ram_zero$$Limit = .
200013bc 200013bc        0     1 __ram_tdata$$
200013bc 200013bc        0     1         __ram_tdata$$Base = .
200013bc 200013bc        0     1         __ram_tdata$$Load = LOADADDR(__ram_tdata$$)
200013bc 200013bc        0     1         __ram_tdata$$Limit = .
200013bc 200013bc        0     1 __ram_tbss$$
200013bc 200013bc        0     1         __ram_tbss$$Base = .
200013bc 200013bc        0     1         __ram_tbss$$Limit = .
200013c0 200013c0     1800     8 __ram_thread_stack$$
200013c0 200013c0        0     1         __ram_thread_stack$$Base = .
200013c0 200013c0     1000     8         ./ra_gen/ai_thread.o:(.stack.ai_thread)
200013c0 200013c0     1000     1                 ai_thread_stack
200023c0 200023c0      400     8         ./ra_gen/sensor_thread.o:(.stack.sensor_thread)
200023c0 200023c0      400     1                 sensor_thread_stack
200027c0 200027c0      400     8         ./ra_gen/wifi_thread.o:(.stack.wifi_thread)
200027c0 200027c0      400     1                 wifi_thread_stack
20002bc0 20002bc0        0     1         __ram_thread_stack$$Limit = .
20002c00 20002c00        0     1 .ram.endof
20002c00 20002c00        0     1         __ddsc_RAM_END = .
20002c00 20002c00        0     1 .ram.flat_nsc
20002c00 20002c00        0     1         __ddsc_RAM_NSC = .
     160      160     a5ee     8 __flash_readonly$$
     160      160        0     1         __flash_readonly$$Base = .
     160      160      124     4         ./src/ai_thread_entry.o:(.text.ai_thread_entry)
     160      160        0     1                 $t
     161      161      124     1                 ai_thread_entry
     274      274        0     1                 $d
     284      284       1a     2         ./src/hal_warmstart.o:(.text.R_BSP_WarmStart)
     284      284        0     1                 $t
     285      285       1a     1                 R_BSP_WarmStart
     29e      29e       32     2         ./src/sensor_thread_entry.o:(.text.zmod4xxx_comms_i2c_callback)
     29e      29e        0     1                 $t
     29f      29f       32     1                 zmod4xxx_comms_i2c_callback
     2d0      2d0       32     2         ./src/sensor_thread_entry.o:(.text.zmod4xxx_irq_callback)
     2d0      2d0        0     1                 $t
     2d1      2d1       32     1                 zmod4xxx_irq_callback
     304      304       94     4         ./src/sensor_thread_entry.o:(.text.sensor_thread_entry)
     304      304        0     1                 $t
     305      305       94     1                 sensor_thread_entry
     398      398       42     2         ./src/wifi_thread_entry.o:(.text.user_uart_callback)
     398      398        0     1                 $t
     399      399       42     1                 user_uart_callback
     3dc      3dc       ee     4         ./src/wifi_thread_entry.o:(.text.wifi_thread_entry)
     3dc      3dc        0     1                 $t
     3dd      3dd       ee     1                 wifi_thread_entry
     4ca      4ca       6a     2         ./ra_gen/ai_thread.o:(.text.ai_thread_create)
     4ca      4ca        0     1                 $t
     4cb      4cb       6a     1                 ai_thread_create
     534      534       12     2         ./ra_gen/ai_thread.o:(.text.ai_thread_func)
     534      534        0     1                 $t
     535      535       12     1                 ai_thread_func
     546      546       92     2         ./ra_gen/common_data.o:(.text.g_common_init)
     546      546        0     1                 $t
     547      547       92     1                 g_common_init
     5d8      5d8        4     2         ./ra_gen/hal_data.o:(.text.g_hal_init)
     5d8      5d8        0     1                 $t
     5d9      5d9        4     1                 g_hal_init
     5dc      5dc        4     2         ./ra_gen/main.o:(.text.rtos_startup_err_callback_internal)
     5dc      5dc        0     1                 $t
     5dd      5dd        4     1                 rtos_startup_err_callback_internal
     5dd      5dd        4     1                 rtos_startup_err_callback
     5e0      5e0       62     4         ./ra_gen/main.o:(.text.rtos_startup_common_init)
     5e0      5e0        0     1                 $t
     5e1      5e1       62     1                 rtos_startup_common_init
     642      642       52     2         ./ra_gen/main.o:(.text.main)
     642      642        0     1                 $t
     643      643       52     1                 main
     694      694       1a     2         ./ra_gen/main.o:(.text.vApplicationGetIdleTaskMemory)
     694      694        0     1                 $t
     695      695       1a     1                 vApplicationGetIdleTaskMemory
     6ae      6ae       1a     2         ./ra_gen/main.o:(.text.vApplicationGetTimerTaskMemory)
     6ae      6ae        0     1                 $t
     6af      6af       1a     1                 vApplicationGetTimerTaskMemory
     6c8      6c8       6a     2         ./ra_gen/sensor_thread.o:(.text.sensor_thread_create)
     6c8      6c8        0     1                 $t
     6c9      6c9       6a     1                 sensor_thread_create
     732      732       12     2         ./ra_gen/sensor_thread.o:(.text.sensor_thread_func)
     732      732        0     1                 $t
     733      733       12     1                 sensor_thread_func
     744      744       6a     2         ./ra_gen/wifi_thread.o:(.text.wifi_thread_create)
     744      744        0     1                 $t
     745      745       6a     1                 wifi_thread_create
     7ae      7ae       12     2         ./ra_gen/wifi_thread.o:(.text.wifi_thread_func)
     7ae      7ae        0     1                 $t
     7af      7af       12     1                 wifi_thread_func
     7c0      7c0       22     2         ./ra/fsp/src/rm_zmod4xxx/iaq_2nd_gen/rm_zmod4410_iaq_2nd_gen.o:(.text.rm_zmod4410_iaq_2nd_gen_open)
     7c0      7c0        0     1                 $t
     7c1      7c1       22     1                 rm_zmod4410_iaq_2nd_gen_open
     7e2      7e2        4     2         ./ra/fsp/src/rm_zmod4xxx/iaq_2nd_gen/rm_zmod4410_iaq_2nd_gen.o:(.text.rm_zmod4410_iaq_2nd_gen_measurement_start)
     7e2      7e2        0     1                 $t
     7e3      7e3        4     1                 rm_zmod4410_iaq_2nd_gen_measurement_start
     7e6      7e6        4     2         ./ra/fsp/src/rm_zmod4xxx/iaq_2nd_gen/rm_zmod4410_iaq_2nd_gen.o:(.text.rm_zmod4410_iaq_2nd_gen_measurement_stop)
     7e6      7e6        0     1                 $t
     7e7      7e7        4     1                 rm_zmod4410_iaq_2nd_gen_measurement_stop
     7ea      7ea        4     2         ./ra/fsp/src/rm_zmod4xxx/iaq_2nd_gen/rm_zmod4410_iaq_2nd_gen.o:(.text.rm_zmod4410_iaq_2nd_gen_status_check)
     7ea      7ea        0     1                 $t
     7eb      7eb        4     1                 rm_zmod4410_iaq_2nd_gen_status_check
     7ee      7ee        4     2         ./ra/fsp/src/rm_zmod4xxx/iaq_2nd_gen/rm_zmod4410_iaq_2nd_gen.o:(.text.rm_zmod4410_iaq_2nd_gen_read)
     7ee      7ee        0     1                 $t
     7ef      7ef        4     1                 rm_zmod4410_iaq_2nd_gen_read
     7f2      7f2        4     2         ./ra/fsp/src/rm_zmod4xxx/iaq_2nd_gen/rm_zmod4410_iaq_2nd_gen.o:(.text.rm_zmod4410_iaq_2nd_gen_iaq_1st_gen_data_calculate)
     7f2      7f2        0     1                 $t
     7f3      7f3        4     1                 rm_zmod4410_iaq_2nd_gen_iaq_1st_gen_data_calculate
     7f8      7f8       64     4         ./ra/fsp/src/rm_zmod4xxx/iaq_2nd_gen/rm_zmod4410_iaq_2nd_gen.o:(.text.rm_zmod4410_iaq_2nd_gen_data_calculate)
     7f8      7f8        0     1                 $t
     7f9      7f9       64     1                 rm_zmod4410_iaq_2nd_gen_data_calculate
     85c      85c        4     2         ./ra/fsp/src/rm_zmod4xxx/iaq_2nd_gen/rm_zmod4410_iaq_2nd_gen.o:(.text.rm_zmod4410_iaq_2nd_gen_sulfur_odor_data_calculate)
     85c      85c        0     1                 $t
     85d      85d        4     1                 rm_zmod4410_iaq_2nd_gen_sulfur_odor_data_calculate
     860      860        4     2         ./ra/fsp/src/rm_zmod4xxx/iaq_2nd_gen/rm_zmod4410_iaq_2nd_gen.o:(.text.rm_zmod4410_iaq_2nd_gen_oaq_2nd_gen_data_calculate)
     860      860        0     1                 $t
     861      861        4     1                 rm_zmod4410_iaq_2nd_gen_oaq_2nd_gen_data_calculate
     864      864        4     2         ./ra/fsp/src/rm_zmod4xxx/iaq_2nd_gen/rm_zmod4410_iaq_2nd_gen.o:(.text.rm_zmod4410_iaq_2nd_gen_raq_data_calculate)
     864      864        0     1                 $t
     865      865        4     1                 rm_zmod4410_iaq_2nd_gen_raq_data_calculate
     868      868        4     2         ./ra/fsp/src/rm_zmod4xxx/iaq_2nd_gen/rm_zmod4410_iaq_2nd_gen.o:(.text.rm_zmod4410_iaq_2nd_gen_rel_iaq_data_calculate)
     868      868        0     1                 $t
     869      869        4     1                 rm_zmod4410_iaq_2nd_gen_rel_iaq_data_calculate
     86c      86c        4     2         ./ra/fsp/src/rm_zmod4xxx/iaq_2nd_gen/rm_zmod4410_iaq_2nd_gen.o:(.text.rm_zmod4410_iaq_2nd_gen_pbaq_data_calculate)
     86c      86c        0     1                 $t
     86d      86d        4     1                 rm_zmod4410_iaq_2nd_gen_pbaq_data_calculate
     870      870        4     2         ./ra/fsp/src/rm_zmod4xxx/iaq_2nd_gen/rm_zmod4410_iaq_2nd_gen.o:(.text.rm_zmod4410_iaq_2nd_gen_no2_o3_data_calculate)
     870      870        0     1                 $t
     871      871        4     1                 rm_zmod4410_iaq_2nd_gen_no2_o3_data_calculate
     874      874        4     2         ./ra/fsp/src/rm_zmod4xxx/iaq_2nd_gen/rm_zmod4410_iaq_2nd_gen.o:(.text.rm_zmod4410_iaq_2nd_gen_temperature_and_humidity_set)
     874      874        0     1                 $t
     875      875        4     1                 rm_zmod4410_iaq_2nd_gen_temperature_and_humidity_set
     878      878        4     2         ./ra/fsp/src/rm_zmod4xxx/iaq_2nd_gen/rm_zmod4410_iaq_2nd_gen.o:(.text.rm_zmod4410_iaq_2nd_gen_device_error_check)
     878      878        0     1                 $t
     879      879        4     1                 rm_zmod4410_iaq_2nd_gen_device_error_check
     87c      87c        4     2         ./ra/fsp/src/rm_zmod4xxx/iaq_2nd_gen/rm_zmod4410_iaq_2nd_gen.o:(.text.rm_zmod4410_iaq_2nd_gen_close)
     87c      87c        0     1                 $t
     87d      87d        4     1                 rm_zmod4410_iaq_2nd_gen_close
     880      880      442     4         ./ra/fsp/src/rm_zmod4xxx/rm_zmod4xxx.o:(.text.RM_ZMOD4XXX_Open)
     880      880        0     1                 $t
     881      881      442     1                 RM_ZMOD4XXX_Open
     cc2      cc2       1e     2         ./ra/fsp/src/rm_zmod4xxx/rm_zmod4xxx.o:(.text.RM_ZMOD4XXX_MeasurementStart)
     cc2      cc2        0     1                 $t
     cc3      cc3       1e     1                 RM_ZMOD4XXX_MeasurementStart
     ce0      ce0        e     2         ./ra/fsp/src/rm_zmod4xxx/rm_zmod4xxx.o:(.text.RM_ZMOD4XXX_MeasurementStop)
     ce0      ce0        0     1                 $t
     ce1      ce1        e     1                 RM_ZMOD4XXX_MeasurementStop
     cee      cee       20     2         ./ra/fsp/src/rm_zmod4xxx/rm_zmod4xxx.o:(.text.RM_ZMOD4XXX_StatusCheck)
     cee      cee        0     1                 $t
     cef      cef       20     1                 RM_ZMOD4XXX_StatusCheck
     d0e      d0e       38     2         ./ra/fsp/src/rm_zmod4xxx/rm_zmod4xxx.o:(.text.RM_ZMOD4XXX_Read)
     d0e      d0e        0     1                 $t
     d0f      d0f       38     1                 RM_ZMOD4XXX_Read
     d46      d46        8     2         ./ra/fsp/src/rm_zmod4xxx/rm_zmod4xxx.o:(.text.RM_ZMOD4XXX_Iaq1stGenDataCalculate)
     d46      d46        0     1                 $t
     d47      d47        8     1                 RM_ZMOD4XXX_Iaq1stGenDataCalculate
     d4e      d4e        8     2         ./ra/fsp/src/rm_zmod4xxx/rm_zmod4xxx.o:(.text.RM_ZMOD4XXX_Iaq2ndGenDataCalculate)
     d4e      d4e        0     1                 $t
     d4f      d4f        8     1                 RM_ZMOD4XXX_Iaq2ndGenDataCalculate
     d56      d56        8     2         ./ra/fsp/src/rm_zmod4xxx/rm_zmod4xxx.o:(.text.RM_ZMOD4XXX_SulfurOdorDataCalculate)
     d56      d56        0     1                 $t
     d57      d57        8     1                 RM_ZMOD4XXX_SulfurOdorDataCalculate
     d5e      d5e        8     2         ./ra/fsp/src/rm_zmod4xxx/rm_zmod4xxx.o:(.text.RM_ZMOD4XXX_Oaq2ndGenDataCalculate)
     d5e      d5e        0     1                 $t
     d5f      d5f        8     1                 RM_ZMOD4XXX_Oaq2ndGenDataCalculate
     d66      d66        8     2         ./ra/fsp/src/rm_zmod4xxx/rm_zmod4xxx.o:(.text.RM_ZMOD4XXX_RaqDataCalculate)
     d66      d66        0     1                 $t
     d67      d67        8     1                 RM_ZMOD4XXX_RaqDataCalculate
     d6e      d6e        8     2         ./ra/fsp/src/rm_zmod4xxx/rm_zmod4xxx.o:(.text.RM_ZMOD4XXX_RelIaqDataCalculate)
     d6e      d6e        0     1                 $t
     d6f      d6f        8     1                 RM_ZMOD4XXX_RelIaqDataCalculate
     d76      d76        8     2         ./ra/fsp/src/rm_zmod4xxx/rm_zmod4xxx.o:(.text.RM_ZMOD4XXX_PbaqDataCalculate)
     d76      d76        0     1                 $t
     d77      d77        8     1                 RM_ZMOD4XXX_PbaqDataCalculate
     d7e      d7e        8     2         ./ra/fsp/src/rm_zmod4xxx/rm_zmod4xxx.o:(.text.RM_ZMOD4XXX_No2O3DataCalculate)
     d7e      d7e        0     1                 $t
     d7f      d7f        8     1                 RM_ZMOD4XXX_No2O3DataCalculate
     d86      d86        e     2         ./ra/fsp/src/rm_zmod4xxx/rm_zmod4xxx.o:(.text.RM_ZMOD4XXX_TemperatureAndHumiditySet)
     d86      d86        0     1                 $t
     d87      d87        e     1                 RM_ZMOD4XXX_TemperatureAndHumiditySet
     d94      d94       18     2         ./ra/fsp/src/rm_zmod4xxx/rm_zmod4xxx.o:(.text.RM_ZMOD4XXX_DeviceErrorCheck)
     d94      d94        0     1                 $t
     d95      d95       18     1                 RM_ZMOD4XXX_DeviceErrorCheck
     dac      dac       20     2         ./ra/fsp/src/rm_zmod4xxx/rm_zmod4xxx.o:(.text.RM_ZMOD4XXX_Close)
     dac      dac        0     1                 $t
     dad      dad       20     1                 RM_ZMOD4XXX_Close
     dcc      dcc       be     2         ./ra/fsp/src/rm_zmod4xxx/rm_zmod4xxx.o:(.text.rm_zmod4xxx_comms_i2c_callback)
     dcc      dcc        0     1                 $t
     dcd      dcd       be     1                 rm_zmod4xxx_comms_i2c_callback
     e8c      e8c       8a     4         ./ra/fsp/src/rm_zmod4xxx/rm_zmod4xxx.o:(.text.rm_zmod4xxx_i2c_read)
     e8c      e8c        0     1                 $t
     e8d      e8d       8a     1                 rm_zmod4xxx_i2c_read
     f18      f18       8e     4         ./ra/fsp/src/rm_zmod4xxx/rm_zmod4xxx.o:(.text.rm_zmod4xxx_i2c_write)
     f18      f18        0     1                 $t
     f19      f19       8e     1                 rm_zmod4xxx_i2c_write
     fa8      fa8       a0     4         ./ra/fsp/src/rm_zmod4xxx/rm_zmod4xxx.o:(.text.rm_zmod4xxx_calc_factor)
     fa8      fa8        0     1                 $t
     fa9      fa9       a0     1                 rm_zmod4xxx_calc_factor
    1038     1038        0     1                 $d
    1048     1048       10     2         ./ra/fsp/src/rm_zmod4xxx/rm_zmod4xxx_ra_driver.o:(.text.rm_zmod4xxx_delay_ms)
    1048     1048        0     1                 $t
    1049     1049       10     1                 rm_zmod4xxx_delay_ms
    1058     1058       36     2         ./ra/fsp/src/rm_zmod4xxx/rm_zmod4xxx_ra_driver.o:(.text.rm_zmod4xxx_irq_open)
    1058     1058        0     1                 $t
    1059     1059       36     1                 rm_zmod4xxx_irq_open
    108e     108e       2c     2         ./ra/fsp/src/rm_zmod4xxx/rm_zmod4xxx_ra_driver.o:(.text.rm_zmod4xxx_irq_callback)
    108e     108e        0     1                 $t
    108f     108f       2c     1                 rm_zmod4xxx_irq_callback
    10ba     10ba       10     2         ./ra/fsp/src/rm_zmod4xxx/rm_zmod4xxx_ra_driver.o:(.text.rm_zmod4xxx_irq_close)
    10ba     10ba        0     1                 $t
    10bb     10bb       10     1                 rm_zmod4xxx_irq_close
    10cc     10cc       18     4         ./ra/fsp/src/rm_freertos_port/port.o:(.text.SVC_Handler)
    10cc     10cc        0     1                 $t
    10cd     10cd       12     1                 SVC_Handler
    10e0     10e0        0     1                 $d
    10e4     10e4       44     4         ./ra/fsp/src/rm_freertos_port/port.o:(.text.PendSV_Handler)
    10e4     10e4        0     1                 $t
    10e5     10e5       40     1                 PendSV_Handler
    1124     1124        0     1                 $d
    1128     1128       24     4         ./ra/fsp/src/rm_freertos_port/port.o:(.text.rm_freertos_port_restore_task_stackless)
    1128     1128        0     1                 $t
    1129     1129       20     1                 rm_freertos_port_restore_task_stackless
    1142     1142        0     1                 _skip_restore_ns_context
    1148     1148        0     1                 $d
    114c     114c       26     2         ./ra/fsp/src/rm_freertos_port/port.o:(.text.SysTick_Handler)
    114c     114c        0     1                 $t
    114d     114d       26     1                 SysTick_Handler
    1172     1172       36     2         ./ra/fsp/src/rm_freertos_port/port.o:(.text.vPortSVCHandler_C)
    1172     1172        0     1                 $t
    1173     1173       36     1                 vPortSVCHandler_C
    11a8     11a8       28     2         ./ra/fsp/src/rm_freertos_port/port.o:(.text.pxPortInitialiseStack)
    11a8     11a8        0     1                 $t
    11a9     11a9       28     1                 pxPortInitialiseStack
    11d0     11d0        6     4         ./ra/fsp/src/rm_freertos_port/port.o:(.text.prvTaskExitError)
    11d0     11d0        0     1                 $t
    11d1     11d1        6     1                 prvTaskExitError
    11d8     11d8       3c     4         ./ra/fsp/src/rm_freertos_port/port.o:(.text.xPortStartScheduler)
    11d8     11d8        0     1                 $t
    11d9     11d9       3c     1                 xPortStartScheduler
    1214     1214       46     2         ./ra/fsp/src/rm_freertos_port/port.o:(.text.vPortSetupTimerInterrupt)
    1214     1214        0     1                 $t
    1215     1215       46     1                 vPortSetupTimerInterrupt
    125a     125a       56     2         ./ra/fsp/src/rm_freertos_port/port.o:(.text.vPortEnterCritical)
    125a     125a        0     1                 $t
    125b     125b       56     1                 vPortEnterCritical
    12b0     12b0       46     2         ./ra/fsp/src/rm_freertos_port/port.o:(.text.vPortExitCritical)
    12b0     12b0        0     1                 $t
    12b1     12b1       46     1                 vPortExitCritical
    12f6     12f6       6e     2         ./ra/fsp/src/rm_freertos_port/port.o:(.text.rm_freertos_port_sleep_preserving_lpm)
    12f6     12f6        0     1                 $t
    12f7     12f7       6e     1                 rm_freertos_port_sleep_preserving_lpm
    1364     1364       18     2         ./ra/fsp/src/rm_freertos_port/port.o:(.text.vApplicationIdleHook)
    1364     1364        0     1                 $t
    1365     1365       18     1                 vApplicationIdleHook
    137c     137c       6c     2         ./ra/fsp/src/rm_freertos_port/port.o:(.text.vPortValidateInterruptPriority)
    137c     137c        0     1                 $t
    137d     137d       6c     1                 vPortValidateInterruptPriority
    13e8     13e8       24     2         ./ra/fsp/src/rm_comms_i2c/rm_comms_i2c.o:(.text.RM_COMMS_I2C_Open)
    13e8     13e8        0     1                 $t
    13e9     13e9       24     1                 RM_COMMS_I2C_Open
    140c     140c        e     2         ./ra/fsp/src/rm_comms_i2c/rm_comms_i2c.o:(.text.RM_COMMS_I2C_Close)
    140c     140c        0     1                 $t
    140d     140d        e     1                 RM_COMMS_I2C_Close
    141a     141a        4     2         ./ra/fsp/src/rm_comms_i2c/rm_comms_i2c.o:(.text.RM_COMMS_I2C_Read)
    141a     141a        0     1                 $t
    141b     141b        4     1                 RM_COMMS_I2C_Read
    141e     141e        4     2         ./ra/fsp/src/rm_comms_i2c/rm_comms_i2c.o:(.text.RM_COMMS_I2C_Write)
    141e     141e        0     1                 $t
    141f     141f        4     1                 RM_COMMS_I2C_Write
    1422     1422        4     2         ./ra/fsp/src/rm_comms_i2c/rm_comms_i2c.o:(.text.RM_COMMS_I2C_WriteRead)
    1422     1422        0     1                 $t
    1423     1423        4     1                 RM_COMMS_I2C_WriteRead
    1426     1426       82     2         ./ra/fsp/src/rm_comms_i2c/rm_comms_i2c_driver_ra.o:(.text.rm_comms_i2c_bus_read)
    1426     1426        0     1                 $t
    1427     1427       82     1                 rm_comms_i2c_bus_read
    14a8     14a8       58     2         ./ra/fsp/src/rm_comms_i2c/rm_comms_i2c_driver_ra.o:(.text.rm_comms_i2c_bus_reconfigure)
    14a8     14a8        0     1                 $t
    14a9     14a9       58     1                 rm_comms_i2c_bus_reconfigure
    1500     1500       84     2         ./ra/fsp/src/rm_comms_i2c/rm_comms_i2c_driver_ra.o:(.text.rm_comms_i2c_bus_write)
    1500     1500        0     1                 $t
    1501     1501       84     1                 rm_comms_i2c_bus_write
    1584     1584       80     2         ./ra/fsp/src/rm_comms_i2c/rm_comms_i2c_driver_ra.o:(.text.rm_comms_i2c_bus_write_read)
    1584     1584        0     1                 $t
    1585     1585       80     1                 rm_comms_i2c_bus_write_read
    1604     1604       50     2         ./ra/fsp/src/rm_comms_i2c/rm_comms_i2c_driver_ra.o:(.text.rm_comms_i2c_callback)
    1604     1604        0     1                 $t
    1605     1605       50     1                 rm_comms_i2c_callback
    1654     1654       24     2         ./ra/fsp/src/rm_comms_i2c/rm_comms_i2c_driver_ra.o:(.text.rm_comms_i2c_process_in_callback)
    1654     1654        0     1                 $t
    1655     1655       24     1                 rm_comms_i2c_process_in_callback
    1678     1678      344     2         ./ra/fsp/src/r_sci_uart/r_sci_uart.o:(.text.R_SCI_UART_Open)
    1678     1678        0     1                 $t
    1679     1679      344     1                 R_SCI_UART_Open
    19bc     19bc       4c     2         ./ra/fsp/src/r_sci_uart/r_sci_uart.o:(.text.R_SCI_UART_Write)
    19bc     19bc        0     1                 $t
    19bd     19bd       4c     1                 R_SCI_UART_Write
    1a08     1a08       86     2         ./ra/fsp/src/r_sci_uart/r_sci_uart.o:(.text.sci_uart_txi_isr)
    1a08     1a08        0     1                 $t
    1a09     1a09       86     1                 sci_uart_txi_isr
    1a8e     1a8e       4a     2         ./ra/fsp/src/r_sci_uart/r_sci_uart.o:(.text.r_sci_uart_call_callback)
    1a8e     1a8e        0     1                 $t
    1a8f     1a8f       4a     1                 r_sci_uart_call_callback
    1ad8     1ad8       88     2         ./ra/fsp/src/r_sci_uart/r_sci_uart.o:(.text.sci_uart_rxi_isr)
    1ad8     1ad8        0     1                 $t
    1ad9     1ad9       88     1                 sci_uart_rxi_isr
    1b60     1b60       4c     2         ./ra/fsp/src/r_sci_uart/r_sci_uart.o:(.text.sci_uart_tei_isr)
    1b60     1b60        0     1                 $t
    1b61     1b61       4c     1                 sci_uart_tei_isr
    1bac     1bac       74     2         ./ra/fsp/src/r_sci_uart/r_sci_uart.o:(.text.sci_uart_eri_isr)
    1bac     1bac        0     1                 $t
    1bad     1bad       74     1                 sci_uart_eri_isr
    1c20     1c20      15e     2         ./ra/fsp/src/r_sci_i2c/r_sci_i2c.o:(.text.R_SCI_I2C_Open)
    1c20     1c20        0     1                 $t
    1c21     1c21      15e     1                 R_SCI_I2C_Open
    1d7e     1d7e       10     2         ./ra/fsp/src/r_sci_i2c/r_sci_i2c.o:(.text.R_SCI_I2C_Read)
    1d7e     1d7e        0     1                 $t
    1d7f     1d7f       10     1                 R_SCI_I2C_Read
    1d8e     1d8e       10     2         ./ra/fsp/src/r_sci_i2c/r_sci_i2c.o:(.text.R_SCI_I2C_Write)
    1d8e     1d8e        0     1                 $t
    1d8f     1d8f       10     1                 R_SCI_I2C_Write
    1d9e     1d9e       28     2         ./ra/fsp/src/r_sci_i2c/r_sci_i2c.o:(.text.R_SCI_I2C_Abort)
    1d9e     1d9e        0     1                 $t
    1d9f     1d9f       28     1                 R_SCI_I2C_Abort
    1dc6     1dc6        a     2         ./ra/fsp/src/r_sci_i2c/r_sci_i2c.o:(.text.R_SCI_I2C_SlaveAddressSet)
    1dc6     1dc6        0     1                 $t
    1dc7     1dc7        a     1                 R_SCI_I2C_SlaveAddressSet
    1dd0     1dd0        e     2         ./ra/fsp/src/r_sci_i2c/r_sci_i2c.o:(.text.R_SCI_I2C_CallbackSet)
    1dd0     1dd0        0     1                 $t
    1dd1     1dd1        e     1                 R_SCI_I2C_CallbackSet
    1dde     1dde       18     2         ./ra/fsp/src/r_sci_i2c/r_sci_i2c.o:(.text.R_SCI_I2C_StatusGet)
    1dde     1dde        0     1                 $t
    1ddf     1ddf       18     1                 R_SCI_I2C_StatusGet
    1df6     1df6       56     2         ./ra/fsp/src/r_sci_i2c/r_sci_i2c.o:(.text.R_SCI_I2C_Close)
    1df6     1df6        0     1                 $t
    1df7     1df7       56     1                 R_SCI_I2C_Close
    1e4c     1e4c       94     2         ./ra/fsp/src/r_sci_i2c/r_sci_i2c.o:(.text.sci_i2c_read_write)
    1e4c     1e4c        0     1                 $t
    1e4d     1e4d       94     1                 sci_i2c_read_write
    1ee0     1ee0      124     2         ./ra/fsp/src/r_sci_i2c/r_sci_i2c.o:(.text.sci_i2c_txi_isr)
    1ee0     1ee0        0     1                 $t
    1ee1     1ee1      124     1                 sci_i2c_txi_isr
    2004     2004      112     2         ./ra/fsp/src/r_sci_i2c/r_sci_i2c.o:(.text.sci_i2c_tei_isr)
    2004     2004        0     1                 $t
    2005     2005      112     1                 sci_i2c_tei_isr
    2116     2116       16     2         ./ra/fsp/src/r_ioport/r_ioport.o:(.text.R_IOPORT_Open)
    2116     2116        0     1                 $t
    2117     2117       16     1                 R_IOPORT_Open
    212c     212c       be     4         ./ra/fsp/src/r_ioport/r_ioport.o:(.text.r_ioport_pins_config)
    212c     212c        0     1                 $t
    212d     212d       be     1                 r_ioport_pins_config
    21ec     21ec       ce     4         ./ra/fsp/src/r_ioport/r_ioport.o:(.text.bsp_vbatt_init)
    21ec     21ec        0     1                 $t
    21ed     21ed       ce     1                 bsp_vbatt_init
    22ba     22ba       80     2         ./ra/fsp/src/r_icu/r_icu.o:(.text.R_ICU_ExternalIrqOpen)
    22ba     22ba        0     1                 $t
    22bb     22bb       80     1                 R_ICU_ExternalIrqOpen
    233a     233a       44     2         ./ra/fsp/src/r_icu/r_icu.o:(.text.R_ICU_ExternalIrqEnable)
    233a     233a        0     1                 $t
    233b     233b       44     1                 R_ICU_ExternalIrqEnable
    237e     237e       28     2         ./ra/fsp/src/r_icu/r_icu.o:(.text.R_ICU_ExternalIrqDisable)
    237e     237e        0     1                 $t
    237f     237f       28     1                 R_ICU_ExternalIrqDisable
    23a6     23a6        a     2         ./ra/fsp/src/r_icu/r_icu.o:(.text.R_ICU_ExternalIrqCallbackSet)
    23a6     23a6        0     1                 $t
    23a7     23a7        a     1                 R_ICU_ExternalIrqCallbackSet
    23b0     23b0       44     2         ./ra/fsp/src/r_icu/r_icu.o:(.text.R_ICU_ExternalIrqClose)
    23b0     23b0        0     1                 $t
    23b1     23b1       44     1                 R_ICU_ExternalIrqClose
    23f4     23f4       74     2         ./ra/fsp/src/r_icu/r_icu.o:(.text.r_icu_isr)
    23f4     23f4        0     1                 $t
    23f5     23f5       74     1                 r_icu_isr
    2468     2468       2c     2         ./ra/fsp/src/bsp/mcu/all/bsp_clocks.o:(.text.SystemCoreClockUpdate)
    2468     2468        0     1                 $t
    2469     2469       2c     1                 SystemCoreClockUpdate
    2494     2494       f2     4         ./ra/fsp/src/bsp/mcu/all/bsp_clocks.o:(.text.bsp_clock_init)
    2494     2494        0     1                 $t
    2495     2495       f2     1                 bsp_clock_init
    2586     2586       28     2         ./ra/fsp/src/bsp/mcu/all/bsp_clocks.o:(.text.R_BSP_Init_RTC)
    2586     2586        0     1                 $t
    2587     2587       28     1                 R_BSP_Init_RTC
    25b0     25b0        6     4         ./ra/fsp/src/bsp/mcu/all/bsp_common.o:(.text.__assert_func)
    25b0     25b0        0     1                 $t
    25b1     25b1        6     1                 __assert_func
    25b6     25b6       84     2         ./ra/fsp/src/bsp/mcu/all/bsp_delay.o:(.text.R_BSP_SoftwareDelay)
    25b6     25b6        0     1                 $t
    25b7     25b7       84     1                 R_BSP_SoftwareDelay
    263a     263a        8     2         ./ra/fsp/src/bsp/mcu/all/bsp_delay.o:(.text.bsp_prv_software_delay_loop)
    263a     263a        0     1                 sw_delay_loop
    263a     263a        0     1                 $t
    263b     263b        8     1                 bsp_prv_software_delay_loop
    2644     2644       44     4         ./ra/fsp/src/bsp/mcu/all/bsp_group_irq.o:(.text.NMI_Handler)
    2644     2644        0     1                 $t
    2645     2645       44     1                 NMI_Handler
    2688     2688       88     4         ./ra/fsp/src/bsp/mcu/all/bsp_irq.o:(.text.bsp_irq_cfg)
    2688     2688        0     1                 $t
    2689     2689       88     1                 bsp_irq_cfg
    2710     2710       52     2         ./ra/fsp/src/bsp/mcu/all/bsp_register_protection.o:(.text.R_BSP_RegisterProtectEnable)
    2710     2710        0     1                 $t
    2711     2711       52     1                 R_BSP_RegisterProtectEnable
    2762     2762       4e     2         ./ra/fsp/src/bsp/mcu/all/bsp_register_protection.o:(.text.R_BSP_RegisterProtectDisable)
    2762     2762        0     1                 $t
    2763     2763       4e     1                 R_BSP_RegisterProtectDisable
    27b0     27b0        a     4         ./ra/fsp/src/bsp/cmsis/Device/RENESAS/Source/startup.o:(.text.Reset_Handler)
    27b0     27b0        0     1                 $t
    27b1     27b1        a     1                 Reset_Handler
    27ba     27ba        4     2         ./ra/fsp/src/bsp/cmsis/Device/RENESAS/Source/startup.o:(.text.Default_Handler)
    27ba     27ba        0     1                 $t
    27bb     27bb        4     1                 Default_Handler
    27bb     27bb        4     1                 HardFault_Handler
    27bb     27bb        4     1                 MemManage_Handler
    27bb     27bb        4     1                 BusFault_Handler
    27bb     27bb        4     1                 UsageFault_Handler
    27bb     27bb        4     1                 SecureFault_Handler
    27bb     27bb        4     1                 DebugMon_Handler
    27c0     27c0       e0     4         ./ra/fsp/src/bsp/cmsis/Device/RENESAS/Source/system.o:(.text.SystemInit)
    27c0     27c0        0     1                 $t
    27c1     27c1       e0     1                 SystemInit
    28a0     28a0       5a     4         ./ra/fsp/src/bsp/cmsis/Device/RENESAS/Source/system.o:(.text.SystemRuntimeInit)
    28a0     28a0        0     1                 $t
    28a1     28a1       5a     1                 SystemRuntimeInit
    28fa     28fa        2     2         ./ra/board/ra6m5_ck/board_init.o:(.text.bsp_init)
    28fa     28fa        0     1                 $t
    28fb     28fb        2     1                 bsp_init
    28fc     28fc       16     2         ./ra/aws/FreeRTOS/FreeRTOS/Source/list.o:(.text.vListInitialise)
    28fc     28fc        0     1                 $t
    28fd     28fd       16     1                 vListInitialise
    2912     2912        6     2         ./ra/aws/FreeRTOS/FreeRTOS/Source/list.o:(.text.vListInitialiseItem)
    2912     2912        0     1                 $t
    2913     2913        6     1                 vListInitialiseItem
    2918     2918       16     2         ./ra/aws/FreeRTOS/FreeRTOS/Source/list.o:(.text.vListInsertEnd)
    2918     2918        0     1                 $t
    2919     2919       16     1                 vListInsertEnd
    2930     2930       3a     4         ./ra/aws/FreeRTOS/FreeRTOS/Source/list.o:(.text.vListInsert)
    2930     2930        0     1                 $t
    2931     2931       3a     1                 vListInsert
    296a     296a       22     2         ./ra/aws/FreeRTOS/FreeRTOS/Source/list.o:(.text.uxListRemove)
    296a     296a        0     1                 $t
    296b     296b       22     1                 uxListRemove
    298c     298c       be     2         ./ra/aws/FreeRTOS/FreeRTOS/Source/queue.o:(.text.xQueueGenericReset)
    298c     298c        0     1                 $t
    298d     298d       be     1                 xQueueGenericReset
    2a4a     2a4a       98     2         ./ra/aws/FreeRTOS/FreeRTOS/Source/queue.o:(.text.xQueueGenericCreateStatic)
    2a4a     2a4a        0     1                 $t
    2a4b     2a4b       98     1                 xQueueGenericCreateStatic
    2ae2     2ae2       4c     2         ./ra/aws/FreeRTOS/FreeRTOS/Source/queue.o:(.text.xQueueGiveMutexRecursive)
    2ae2     2ae2        0     1                 $t
    2ae3     2ae3       4c     1                 xQueueGiveMutexRecursive
    2b30     2b30      1c8     4         ./ra/aws/FreeRTOS/FreeRTOS/Source/queue.o:(.text.xQueueGenericSend)
    2b30     2b30        0     1                 $t
    2b31     2b31      1c8     1                 xQueueGenericSend
    2cf8     2cf8       4a     2         ./ra/aws/FreeRTOS/FreeRTOS/Source/queue.o:(.text.xQueueTakeMutexRecursive)
    2cf8     2cf8        0     1                 $t
    2cf9     2cf9       4a     1                 xQueueTakeMutexRecursive
    2d44     2d44      1d2     4         ./ra/aws/FreeRTOS/FreeRTOS/Source/queue.o:(.text.xQueueSemaphoreTake)
    2d44     2d44        0     1                 $t
    2d45     2d45      1d2     1                 xQueueSemaphoreTake
    2f16     2f16       40     2         ./ra/aws/FreeRTOS/FreeRTOS/Source/queue.o:(.text.xQueueCreateCountingSemaphoreStatic)
    2f16     2f16        0     1                 $t
    2f17     2f17       40     1                 xQueueCreateCountingSemaphoreStatic
    2f56     2f56       78     2         ./ra/aws/FreeRTOS/FreeRTOS/Source/queue.o:(.text.prvCopyDataToQueue)
    2f56     2f56        0     1                 $t
    2f57     2f57       78     1                 prvCopyDataToQueue
    2fd0     2fd0       72     4         ./ra/aws/FreeRTOS/FreeRTOS/Source/queue.o:(.text.prvUnlockQueue)
    2fd0     2fd0        0     1                 $t
    2fd1     2fd1       72     1                 prvUnlockQueue
    3042     3042      104     2         ./ra/aws/FreeRTOS/FreeRTOS/Source/queue.o:(.text.xQueueGiveFromISR)
    3042     3042        0     1                 $t
    3043     3043      104     1                 xQueueGiveFromISR
    3148     3148      1b2     4         ./ra/aws/FreeRTOS/FreeRTOS/Source/queue.o:(.text.xQueueReceive)
    3148     3148        0     1                 $t
    3149     3149      1b2     1                 xQueueReceive
    32fc     32fc       66     4         ./ra/aws/FreeRTOS/FreeRTOS/Source/queue.o:(.text.vQueueAddToRegistry)
    32fc     32fc        0     1                 $t
    32fd     32fd       66     1                 vQueueAddToRegistry
    3362     3362       46     2         ./ra/aws/FreeRTOS/FreeRTOS/Source/queue.o:(.text.vQueueWaitForMessageRestricted)
    3362     3362        0     1                 $t
    3363     3363       46     1                 vQueueWaitForMessageRestricted
    33a8     33a8      24a     4         ./ra/aws/FreeRTOS/FreeRTOS/Source/tasks.o:(.text.xTaskCreateStatic)
    33a8     33a8        0     1                 $t
    33a9     33a9      24a     1                 xTaskCreateStatic
    35f2     35f2       ee     2         ./ra/aws/FreeRTOS/FreeRTOS/Source/tasks.o:(.text.vTaskDelete)
    35f2     35f2        0     1                 $t
    35f3     35f3       ee     1                 vTaskDelete
    36e0     36e0       10     2         ./ra/aws/FreeRTOS/FreeRTOS/Source/tasks.o:(.text.vTaskSuspendAll)
    36e0     36e0        0     1                 $t
    36e1     36e1       10     1                 vTaskSuspendAll
    36f0     36f0       a4     2         ./ra/aws/FreeRTOS/FreeRTOS/Source/tasks.o:(.text.prvAddCurrentTaskToDelayedList)
    36f0     36f0        0     1                 $t
    36f1     36f1       a4     1                 prvAddCurrentTaskToDelayedList
    3794     3794      190     4         ./ra/aws/FreeRTOS/FreeRTOS/Source/tasks.o:(.text.xTaskResumeAll)
    3794     3794        0     1                 $t
    3795     3795      190     1                 xTaskResumeAll
    3924     3924       5e     2         ./ra/aws/FreeRTOS/FreeRTOS/Source/tasks.o:(.text.vTaskDelay)
    3924     3924        0     1                 $t
    3925     3925       5e     1                 vTaskDelay
    3984     3984       9e     4         ./ra/aws/FreeRTOS/FreeRTOS/Source/tasks.o:(.text.vTaskSwitchContext)
    3984     3984        0     1                 $t
    3985     3985       9e     1                 vTaskSwitchContext
    3a22     3a22       b2     2         ./ra/aws/FreeRTOS/FreeRTOS/Source/tasks.o:(.text.vTaskStartScheduler)
    3a22     3a22        0     1                 $t
    3a23     3a23       b2     1                 vTaskStartScheduler
    3ad4     3ad4       46     4         ./ra/aws/FreeRTOS/FreeRTOS/Source/tasks.o:(.text.prvCheckTasksWaitingTermination)
    3ad4     3ad4        0     1                 $t
    3ad5     3ad5       46     1                 prvCheckTasksWaitingTermination
    3b1c     3b1c      1ac     4         ./ra/aws/FreeRTOS/FreeRTOS/Source/tasks.o:(.text.xTaskIncrementTick)
    3b1c     3b1c        0     1                 $t
    3b1d     3b1d      1ac     1                 xTaskIncrementTick
    3cc8     3cc8        c     2         ./ra/aws/FreeRTOS/FreeRTOS/Source/tasks.o:(.text.xTaskGetTickCount)
    3cc8     3cc8        0     1                 $t
    3cc9     3cc9        c     1                 xTaskGetTickCount
    3cd4     3cd4        c     2         ./ra/aws/FreeRTOS/FreeRTOS/Source/tasks.o:(.text.uxTaskGetNumberOfTasks)
    3cd4     3cd4        0     1                 $t
    3cd5     3cd5        c     1                 uxTaskGetNumberOfTasks
    3ce0     3ce0       42     2         ./ra/aws/FreeRTOS/FreeRTOS/Source/tasks.o:(.text.vTaskPlaceOnEventList)
    3ce0     3ce0        0     1                 $t
    3ce1     3ce1       42     1                 vTaskPlaceOnEventList
    3d22     3d22       7a     2         ./ra/aws/FreeRTOS/FreeRTOS/Source/tasks.o:(.text.vTaskPlaceOnEventListRestricted)
    3d22     3d22        0     1                 $t
    3d23     3d23       7a     1                 vTaskPlaceOnEventListRestricted
    3d9c     3d9c      10c     2         ./ra/aws/FreeRTOS/FreeRTOS/Source/tasks.o:(.text.xTaskRemoveFromEventList)
    3d9c     3d9c        0     1                 $t
    3d9d     3d9d      10c     1                 xTaskRemoveFromEventList
    3ea8     3ea8       1a     2         ./ra/aws/FreeRTOS/FreeRTOS/Source/tasks.o:(.text.vTaskInternalSetTimeOutState)
    3ea8     3ea8        0     1                 $t
    3ea9     3ea9       1a     1                 vTaskInternalSetTimeOutState
    3ec2     3ec2       a0     2         ./ra/aws/FreeRTOS/FreeRTOS/Source/tasks.o:(.text.xTaskCheckForTimeOut)
    3ec2     3ec2        0     1                 $t
    3ec3     3ec3       a0     1                 xTaskCheckForTimeOut
    3f62     3f62        e     2         ./ra/aws/FreeRTOS/FreeRTOS/Source/tasks.o:(.text.vTaskMissedYield)
    3f62     3f62        0     1                 $t
    3f63     3f63        e     1                 vTaskMissedYield
    3f70     3f70        c     2         ./ra/aws/FreeRTOS/FreeRTOS/Source/tasks.o:(.text.xTaskGetCurrentTaskHandle)
    3f70     3f70        0     1                 $t
    3f71     3f71        c     1                 xTaskGetCurrentTaskHandle
    3f7c     3f7c       26     2         ./ra/aws/FreeRTOS/FreeRTOS/Source/tasks.o:(.text.xTaskGetSchedulerState)
    3f7c     3f7c        0     1                 $t
    3f7d     3f7d       26     1                 xTaskGetSchedulerState
    3fa2     3fa2       ac     2         ./ra/aws/FreeRTOS/FreeRTOS/Source/tasks.o:(.text.xTaskPriorityInherit)
    3fa2     3fa2        0     1                 $t
    3fa3     3fa3       ac     1                 xTaskPriorityInherit
    404e     404e       cc     2         ./ra/aws/FreeRTOS/FreeRTOS/Source/tasks.o:(.text.xTaskPriorityDisinherit)
    404e     404e        0     1                 $t
    404f     404f       cc     1                 xTaskPriorityDisinherit
    411a     411a       d8     2         ./ra/aws/FreeRTOS/FreeRTOS/Source/tasks.o:(.text.vTaskPriorityDisinheritAfterTimeout)
    411a     411a        0     1                 $t
    411b     411b       d8     1                 vTaskPriorityDisinheritAfterTimeout
    41f2     41f2       14     2         ./ra/aws/FreeRTOS/FreeRTOS/Source/tasks.o:(.text.pvTaskIncrementMutexHeldCount)
    41f2     41f2        0     1                 $t
    41f3     41f3       14     1                 pvTaskIncrementMutexHeldCount
    4208     4208       2e     4         ./ra/aws/FreeRTOS/FreeRTOS/Source/tasks.o:(.text.prvIdleTask)
    4208     4208        0     1                 $t
    4209     4209       2e     1                 prvIdleTask
    4236     4236       7e     2         ./ra/aws/FreeRTOS/FreeRTOS/Source/timers.o:(.text.xTimerCreateTimerTask)
    4236     4236        0     1                 $t
    4237     4237       7e     1                 xTimerCreateTimerTask
    42b4     42b4       7a     2         ./ra/aws/FreeRTOS/FreeRTOS/Source/timers.o:(.text.prvCheckForValidListAndQueue)
    42b4     42b4        0     1                 $t
    42b5     42b5       7a     1                 prvCheckForValidListAndQueue
    4330     4330      180     4         ./ra/aws/FreeRTOS/FreeRTOS/Source/timers.o:(.text.prvTimerTask)
    4330     4330        0     1                 $t
    4331     4331      180     1                 prvTimerTask
    4412     4412        0     1                 $d
    441c     441c        0     1                 $t
    44b0     44b0       56     4         ./ra/aws/FreeRTOS/FreeRTOS/Source/timers.o:(.text.prvSampleTimeNow)
    44b0     44b0        0     1                 $t
    44b1     44b1       56     1                 prvSampleTimeNow
    4506     4506       40     2         ./ra/aws/FreeRTOS/FreeRTOS/Source/timers.o:(.text.prvProcessExpiredTimer)
    4506     4506        0     1                 $t
    4507     4507       40     1                 prvProcessExpiredTimer
    4548     4548       2e     4         ./ra/aws/FreeRTOS/FreeRTOS/Source/timers.o:(.text.prvReloadTimer)
    4548     4548        0     1                 $t
    4549     4549       2e     1                 prvReloadTimer
    4576     4576       40     2         ./ra/aws/FreeRTOS/FreeRTOS/Source/timers.o:(.text.prvInsertTimerInActiveList)
    4576     4576        0     1                 $t
    4577     4577       40     1                 prvInsertTimerInActiveList
    45b8     45b8      78c     8         C:\Users\HoangOwO\e2_studio\workspace\EdgeAI\ra\fsp\lib\rm_zmod4xxx\cm33_llvm\lib_iaq_2nd_gen.a(iaq_2nd_gen.o):(.text.calc_iaq_2nd_gen_internal)
    45b8     45b8        0     1                 $t
    45b9     45b9      78c     1                 calc_iaq_2nd_gen_internal
    481c     481c        0     1                 $d
    4850     4850        0     1                 $t
    4cc0     4cc0        0     1                 $d
    4d44     4d44       9c     4         C:\Users\HoangOwO\e2_studio\workspace\EdgeAI\ra\fsp\lib\rm_zmod4xxx\cm33_llvm\lib_iaq_2nd_gen.a(iaq_2nd_gen.o):(.text.calc_tvoc2iaq)
    4d44     4d44        0     1                 $t
    4d45     4d45       9c     1                 calc_tvoc2iaq
    4ddc     4ddc        0     1                 $d
    4de0     4de0      224     8         C:\Users\HoangOwO\e2_studio\workspace\EdgeAI\ra\fsp\lib\rm_zmod4xxx\cm33_llvm\lib_iaq_2nd_gen.a(iaq_2nd_gen.o):(.text.calc_rel_iaq_internal)
    4de0     4de0        0     1                 $t
    4de1     4de1      224     1                 calc_rel_iaq_internal
    4fe0     4fe0        0     1                 $d
    5004     5004       54     2         C:\Users\HoangOwO\e2_studio\workspace\EdgeAI\ra\fsp\lib\rm_zmod4xxx\cm33_llvm\lib_iaq_2nd_gen.a(iaq_2nd_gen.o):(.text.init_iaq_2nd_gen)
    5004     5004        0     1                 $t
    5005     5005       54     1                 init_iaq_2nd_gen
    5058     5058      13c     4         C:\Users\HoangOwO\e2_studio\workspace\EdgeAI\ra\fsp\lib\rm_zmod4xxx\cm33_llvm\lib_iaq_2nd_gen.a(iaq_2nd_gen.o):(.text.calc_iaq_2nd_gen)
    5058     5058        0     1                 $t
    5059     5059      13c     1                 calc_iaq_2nd_gen
    5178     5178        0     1                 $d
    5194     5194       84     4         C:\Users\HoangOwO\e2_studio\workspace\EdgeAI\ra\fsp\lib\rm_zmod4xxx\cm33_llvm\lib_iaq_2nd_gen.a(iaq_2nd_gen.o):(.text.calc_rmox)
    5194     5194        0     1                 $t
    5195     5195       84     1                 calc_rmox
    520c     520c        0     1                 $d
    5218     5218       44     2         C:\Users\HoangOwO\e2_studio\workspace\EdgeAI\ra\fsp\lib\rm_zmod4xxx\cm33_llvm\lib_iaq_2nd_gen.a(iaq_2nd_gen_RH_nnet.o):(.text.calc_iaq_2nd_gen_RH_nnet)
    5218     5218        0     1                 $t
    5219     5219       44     1                 calc_iaq_2nd_gen_RH_nnet
    525c     525c       44     2         C:\Users\HoangOwO\e2_studio\workspace\EdgeAI\ra\fsp\lib\rm_zmod4xxx\cm33_llvm\lib_iaq_2nd_gen.a(iaq_2nd_gen_T_nnet.o):(.text.calc_iaq_2nd_gen_T_nnet)
    525c     525c        0     1                 $t
    525d     525d       44     1                 calc_iaq_2nd_gen_T_nnet
    52a0     52a0       44     2         C:\Users\HoangOwO\e2_studio\workspace\EdgeAI\ra\fsp\lib\rm_zmod4xxx\cm33_llvm\lib_iaq_2nd_gen.a(iaq_2nd_gen_V6_nnet.o):(.text.calc_iaq_2nd_gen_V6_nnet)
    52a0     52a0        0     1                 $t
    52a1     52a1       44     1                 calc_iaq_2nd_gen_V6_nnet
    52e4     52e4       62     2         C:\Users\HoangOwO\e2_studio\workspace\EdgeAI\ra\fsp\lib\rm_zmod4xxx\cm33_llvm\lib_iaq_2nd_gen.a(iaq_2nd_gen_nnet.o):(.text.calc_iaq_2nd_gen_nnet)
    52e4     52e4        0     1                 $t
    52e5     52e5       62     1                 calc_iaq_2nd_gen_nnet
    5348     5348       58     4         C:\Users\HoangOwO\e2_studio\workspace\EdgeAI\ra\fsp\lib\rm_zmod4xxx\cm33_llvm\lib_iaq_2nd_gen.a(nnet_funcs.o):(.text.nnet_funcs_safe_exp)
    5348     5348        0     1                 $t
    5349     5349       58     1                 nnet_funcs_safe_exp
    5390     5390        0     1                 $d
    53a0     53a0       3e     4         C:\Users\HoangOwO\e2_studio\workspace\EdgeAI\ra\fsp\lib\rm_zmod4xxx\cm33_llvm\lib_iaq_2nd_gen.a(nnet_funcs.o):(.text.nnet_funcs_tanh)
    53a0     53a0        0     1                 $t
    53a1     53a1       3e     1                 nnet_funcs_tanh
    53e0     53e0       20     4         C:\Users\HoangOwO\e2_studio\workspace\EdgeAI\ra\fsp\lib\rm_zmod4xxx\cm33_llvm\lib_iaq_2nd_gen.a(nnet_funcs.o):(.text.nnet_funcs_relu)
    53e0     53e0        0     1                 $t
    53e1     53e1       20     1                 nnet_funcs_relu
    53fc     53fc        0     1                 $d
    5400     5400       46     4         C:\Users\HoangOwO\e2_studio\workspace\EdgeAI\ra\fsp\lib\rm_zmod4xxx\cm33_llvm\lib_iaq_2nd_gen.a(nnet_funcs.o):(.text.nnet_funcs_dotbias)
    5400     5400        0     1                 $t
    5401     5401       46     1                 nnet_funcs_dotbias
    5446     5446       7c     2         C:\Renesas\e2_studio\toolchains\llvm_arm\ATfE-21.1.1-Windows-x86_64\bin\..\lib\clang-runtimes/arm-none-eabi/armv8m.main_hard_fp_exn_rtti_unaligned_size\lib\libclang_rt.builtins.a(extendsfdf2.c.obj):(.text.__extendsfdf2)
    5446     5446        0     1                 $t
    5447     5447       7c     1                 __extendsfdf2
    54c2     54c2       10     2         C:\Renesas\e2_studio\toolchains\llvm_arm\ATfE-21.1.1-Windows-x86_64\bin\..\lib\clang-runtimes/arm-none-eabi/armv8m.main_hard_fp_exn_rtti_unaligned_size\lib\libclang_rt.builtins.a(extendsfdf2.c.obj):(.text.__aeabi_f2d)
    54c2     54c2        0     1                 $t
    54c3     54c3       10     1                 __aeabi_f2d
    54d2     54d2      128     2         C:\Renesas\e2_studio\toolchains\llvm_arm\ATfE-21.1.1-Windows-x86_64\bin\..\lib\clang-runtimes/arm-none-eabi/armv8m.main_hard_fp_exn_rtti_unaligned_size\lib\libclang_rt.builtins.a(truncdfsf2.c.obj):(.text.__truncdfsf2)
    54d2     54d2        0     1                 $t
    54d3     54d3      128     1                 __truncdfsf2
    55fa     55fa       10     2         C:\Renesas\e2_studio\toolchains\llvm_arm\ATfE-21.1.1-Windows-x86_64\bin\..\lib\clang-runtimes/arm-none-eabi/armv8m.main_hard_fp_exn_rtti_unaligned_size\lib\libclang_rt.builtins.a(truncdfsf2.c.obj):(.text.__aeabi_d2f)
    55fa     55fa        0     1                 $t
    55fb     55fb       10     1                 __aeabi_d2f
    560c     560c       8a     4         C:\Renesas\e2_studio\toolchains\llvm_arm\ATfE-21.1.1-Windows-x86_64\bin\..\lib\clang-runtimes/arm-none-eabi/armv8m.main_hard_fp_exn_rtti_unaligned_size\lib\libclang_rt.builtins.a(aeabi_dcmp.S.obj):(.text)
    560c     560c        0     1                 $t
    560d     560d       1a     1                 __aeabi_dcmpeq
    5629     5629       1a     1                 __aeabi_dcmplt
    5645     5645       1a     1                 __aeabi_dcmple
    5661     5661       1a     1                 __aeabi_dcmpge
    567d     567d       1a     1                 __aeabi_dcmpgt
    5696     5696       62     2         C:\Renesas\e2_studio\toolchains\llvm_arm\ATfE-21.1.1-Windows-x86_64\bin\..\lib\clang-runtimes/arm-none-eabi/armv8m.main_hard_fp_exn_rtti_unaligned_size\lib\libclang_rt.builtins.a(comparedf2.c.obj):(.text.__ledf2)
    5696     5696        0     1                 $t
    5697     5697       62     1                 __ledf2
    5697     5697       62     1                 __cmpdf2
    5697     5697       62     1                 __eqdf2
    5697     5697       62     1                 __ltdf2
    5697     5697       62     1                 __nedf2
    56f8     56f8       64     2         C:\Renesas\e2_studio\toolchains\llvm_arm\ATfE-21.1.1-Windows-x86_64\bin\..\lib\clang-runtimes/arm-none-eabi/armv8m.main_hard_fp_exn_rtti_unaligned_size\lib\libclang_rt.builtins.a(comparedf2.c.obj):(.text.__gedf2)
    56f8     56f8        0     1                 $t
    56f9     56f9       64     1                 __gedf2
    56f9     56f9       64     1                 __gtdf2
    575c     575c      1c6     2         C:\Renesas\e2_studio\toolchains\llvm_arm\ATfE-21.1.1-Windows-x86_64\bin\..\lib\clang-runtimes/arm-none-eabi/armv8m.main_hard_fp_exn_rtti_unaligned_size\lib\libclang_rt.builtins.a(udivmoddi4.c.obj):(.text.__udivmoddi4)
    575c     575c        0     1                 $t
    575d     575d      1c6     1                 __udivmoddi4
    5922     5922        8     2         C:\Renesas\e2_studio\toolchains\llvm_arm\ATfE-21.1.1-Windows-x86_64\bin\..\lib\clang-runtimes/arm-none-eabi/armv8m.main_hard_fp_exn_rtti_unaligned_size\lib\libc.a(bzero.c.o):(.text.bzero)
    5922     5922        0     1                 $t
    5923     5923        8     1                 bzero
    5923     5923        8     1                 __aeabi_memclr4
    5923     5923        8     1                 __aeabi_memclr8
    5923     5923        8     1                 __aeabi_memclr
    592a     592a       12     2         C:\Renesas\e2_studio\toolchains\llvm_arm\ATfE-21.1.1-Windows-x86_64\bin\..\lib\clang-runtimes/arm-none-eabi/armv8m.main_hard_fp_exn_rtti_unaligned_size\lib\libc.a(memcpy.c.o):(.text.memcpy)
[...]
                                                  C:\Users\HoangOwO\e2_studio\workspace\EdgeAI\ra\fsp\lib\rm_zmod4xxx\cm33_llvm\lib_iaq_2nd_gen.a(iaq_2nd_gen.o)
calc_iaq_2nd_gen_nnet                             C:\Users\HoangOwO\e2_studio\workspace\EdgeAI\ra\fsp\lib\rm_zmod4xxx\cm33_llvm\lib_iaq_2nd_gen.a(iaq_2nd_gen_nnet.o)
                                                  C:\Users\HoangOwO\e2_studio\workspace\EdgeAI\ra\fsp\lib\rm_zmod4xxx\cm33_llvm\lib_iaq_2nd_gen.a(iaq_2nd_gen.o)
calc_iaq_2nd_gen_RH_nnet                          C:\Users\HoangOwO\e2_studio\workspace\EdgeAI\ra\fsp\lib\rm_zmod4xxx\cm33_llvm\lib_iaq_2nd_gen.a(iaq_2nd_gen_RH_nnet.o)
                                                  C:\Users\HoangOwO\e2_studio\workspace\EdgeAI\ra\fsp\lib\rm_zmod4xxx\cm33_llvm\lib_iaq_2nd_gen.a(iaq_2nd_gen.o)
calc_iaq_2nd_gen_T_nnet                           C:\Users\HoangOwO\e2_studio\workspace\EdgeAI\ra\fsp\lib\rm_zmod4xxx\cm33_llvm\lib_iaq_2nd_gen.a(iaq_2nd_gen_T_nnet.o)
                                                  C:\Users\HoangOwO\e2_studio\workspace\EdgeAI\ra\fsp\lib\rm_zmod4xxx\cm33_llvm\lib_iaq_2nd_gen.a(iaq_2nd_gen.o)
calc_iaq_2nd_gen_V6_nnet                          C:\Users\HoangOwO\e2_studio\workspace\EdgeAI\ra\fsp\lib\rm_zmod4xxx\cm33_llvm\lib_iaq_2nd_gen.a(iaq_2nd_gen_V6_nnet.o)
                                                  C:\Users\HoangOwO\e2_studio\workspace\EdgeAI\ra\fsp\lib\rm_zmod4xxx\cm33_llvm\lib_iaq_2nd_gen.a(iaq_2nd_gen.o)
pow                                               C:\Renesas\e2_studio\toolchains\llvm_arm\ATfE-21.1.1-Windows-x86_64\bin\..\lib\clang-runtimes/arm-none-eabi/armv8m.main_hard_fp_exn_rtti_unaligned_size\lib\libc.a(libm_math_s_pow.c.o)
                                                  C:\Users\HoangOwO\e2_studio\workspace\EdgeAI\ra\fsp\lib\rm_zmod4xxx\cm33_llvm\lib_iaq_2nd_gen.a(iaq_2nd_gen.o)
calc_rel_iaq_internal                             C:\Users\HoangOwO\e2_studio\workspace\EdgeAI\ra\fsp\lib\rm_zmod4xxx\cm33_llvm\lib_iaq_2nd_gen.a(iaq_2nd_gen.o)
sqrtf                                             C:\Renesas\e2_studio\toolchains\llvm_arm\ATfE-21.1.1-Windows-x86_64\bin\..\lib\clang-runtimes/arm-none-eabi/armv8m.main_hard_fp_exn_rtti_unaligned_size\lib\libc.a(libm_machine_arm_sf_sqrt.c.o)
                                                  C:\Users\HoangOwO\e2_studio\workspace\EdgeAI\ra\fsp\lib\rm_zmod4xxx\cm33_llvm\lib_iaq_2nd_gen.a(iaq_2nd_gen.o)
nnet_funcs_dotbias                                C:\Users\HoangOwO\e2_studio\workspace\EdgeAI\ra\fsp\lib\rm_zmod4xxx\cm33_llvm\lib_iaq_2nd_gen.a(nnet_funcs.o)
                                                  C:\Users\HoangOwO\e2_studio\workspace\EdgeAI\ra\fsp\lib\rm_zmod4xxx\cm33_llvm\lib_iaq_2nd_gen.a(iaq_2nd_gen_RH_nnet.o)
                                                  C:\Users\HoangOwO\e2_studio\workspace\EdgeAI\ra\fsp\lib\rm_zmod4xxx\cm33_llvm\lib_iaq_2nd_gen.a(iaq_2nd_gen_T_nnet.o)
                                                  C:\Users\HoangOwO\e2_studio\workspace\EdgeAI\ra\fsp\lib\rm_zmod4xxx\cm33_llvm\lib_iaq_2nd_gen.a(iaq_2nd_gen_V6_nnet.o)
                                                  C:\Users\HoangOwO\e2_studio\workspace\EdgeAI\ra\fsp\lib\rm_zmod4xxx\cm33_llvm\lib_iaq_2nd_gen.a(iaq_2nd_gen_nnet.o)
nnet_funcs_tanh                                   C:\Users\HoangOwO\e2_studio\workspace\EdgeAI\ra\fsp\lib\rm_zmod4xxx\cm33_llvm\lib_iaq_2nd_gen.a(nnet_funcs.o)
                                                  C:\Users\HoangOwO\e2_studio\workspace\EdgeAI\ra\fsp\lib\rm_zmod4xxx\cm33_llvm\lib_iaq_2nd_gen.a(iaq_2nd_gen_RH_nnet.o)
                                                  C:\Users\HoangOwO\e2_studio\workspace\EdgeAI\ra\fsp\lib\rm_zmod4xxx\cm33_llvm\lib_iaq_2nd_gen.a(iaq_2nd_gen_V6_nnet.o)
                                                  C:\Users\HoangOwO\e2_studio\workspace\EdgeAI\ra\fsp\lib\rm_zmod4xxx\cm33_llvm\lib_iaq_2nd_gen.a(iaq_2nd_gen_nnet.o)
nnet_funcs_relu                                   C:\Users\HoangOwO\e2_studio\workspace\EdgeAI\ra\fsp\lib\rm_zmod4xxx\cm33_llvm\lib_iaq_2nd_gen.a(nnet_funcs.o)
                                                  C:\Users\HoangOwO\e2_studio\workspace\EdgeAI\ra\fsp\lib\rm_zmod4xxx\cm33_llvm\lib_iaq_2nd_gen.a(iaq_2nd_gen_T_nnet.o)
exp                                               C:\Renesas\e2_studio\toolchains\llvm_arm\ATfE-21.1.1-Windows-x86_64\bin\..\lib\clang-runtimes/arm-none-eabi/armv8m.main_hard_fp_exn_rtti_unaligned_size\lib\libc.a(libm_math_s_exp.c.o)
                                                  C:\Users\HoangOwO\e2_studio\workspace\EdgeAI\ra\fsp\lib\rm_zmod4xxx\cm33_llvm\lib_iaq_2nd_gen.a(nnet_funcs.o)
bzero                                             C:\Renesas\e2_studio\toolchains\llvm_arm\ATfE-21.1.1-Windows-x86_64\bin\..\lib\clang-runtimes/arm-none-eabi/armv8m.main_hard_fp_exn_rtti_unaligned_size\lib\libc.a(bzero.c.o)
__aeabi_memclr8                                   C:\Renesas\e2_studio\toolchains\llvm_arm\ATfE-21.1.1-Windows-x86_64\bin\..\lib\clang-runtimes/arm-none-eabi/armv8m.main_hard_fp_exn_rtti_unaligned_size\lib\libc.a(bzero.c.o)
__aeabi_memcpy8                                   C:\Renesas\e2_studio\toolchains\llvm_arm\ATfE-21.1.1-Windows-x86_64\bin\..\lib\clang-runtimes/arm-none-eabi/armv8m.main_hard_fp_exn_rtti_unaligned_size\lib\libc.a(memcpy.c.o)
__tdata_source                                    fsp_gen.lld:691
                                                  C:\Renesas\e2_studio\toolchains\llvm_arm\ATfE-21.1.1-Windows-x86_64\bin\..\lib\clang-runtimes/arm-none-eabi/armv8m.main_hard_fp_exn_rtti_unaligned_size\lib\libc.a(libc_picolib_inittls.c.o)
__tdata_size                                      fsp_gen.lld:692
                                                  C:\Renesas\e2_studio\toolchains\llvm_arm\ATfE-21.1.1-Windows-x86_64\bin\..\lib\clang-runtimes/arm-none-eabi/armv8m.main_hard_fp_exn_rtti_unaligned_size\lib\libc.a(libc_picolib_inittls.c.o)
__tbss_offset                                     fsp_gen.lld:693
                                                  C:\Renesas\e2_studio\toolchains\llvm_arm\ATfE-21.1.1-Windows-x86_64\bin\..\lib\clang-runtimes/arm-none-eabi/armv8m.main_hard_fp_exn_rtti_unaligned_size\lib\libc.a(libc_picolib_inittls.c.o)
__tbss_size                                       fsp_gen.lld:694
                                                  C:\Renesas\e2_studio\toolchains\llvm_arm\ATfE-21.1.1-Windows-x86_64\bin\..\lib\clang-runtimes/arm-none-eabi/armv8m.main_hard_fp_exn_rtti_unaligned_size\lib\libc.a(libc_picolib_inittls.c.o)
__arm32_tls_tcb_offset                            fsp_gen.lld:695
                                                  C:\Renesas\e2_studio\toolchains\llvm_arm\ATfE-21.1.1-Windows-x86_64\bin\..\lib\clang-runtimes/arm-none-eabi/armv8m.main_hard_fp_exn_rtti_unaligned_size\lib\libc.a(libc_picolib_machine_arm_set_tls.c.o)
__tls                                             C:\Renesas\e2_studio\toolchains\llvm_arm\ATfE-21.1.1-Windows-x86_64\bin\..\lib\clang-runtimes/arm-none-eabi/armv8m.main_hard_fp_exn_rtti_unaligned_size\lib\libc.a(libc_picolib_machine_arm_tls.c.o)
                                                  C:\Renesas\e2_studio\toolchains\llvm_arm\ATfE-21.1.1-Windows-x86_64\bin\..\lib\clang-runtimes/arm-none-eabi/armv8m.main_hard_fp_exn_rtti_unaligned_size\lib\libc.a(libc_picolib_machine_arm_set_tls.c.o)
                                                  C:\Renesas\e2_studio\toolchains\llvm_arm\ATfE-21.1.1-Windows-x86_64\bin\..\lib\clang-runtimes/arm-none-eabi/armv8m.main_hard_fp_exn_rtti_unaligned_size\lib\libc.a(libc_picolib_machine_arm_read_tp.S.o)
vfprintf                                          C:\Renesas\e2_studio\toolchains\llvm_arm\ATfE-21.1.1-Windows-x86_64\bin\..\lib\clang-runtimes/arm-none-eabi/armv8m.main_hard_fp_exn_rtti_unaligned_size\lib\libc.a(libc_tinystdio_vfprintf.c.o)
                                                  C:\Renesas\e2_studio\toolchains\llvm_arm\ATfE-21.1.1-Windows-x86_64\bin\..\lib\clang-runtimes/arm-none-eabi/armv8m.main_hard_fp_exn_rtti_unaligned_size\lib\libc.a(libc_tinystdio_snprintf.c.o)
__file_str_put                                    C:\Renesas\e2_studio\toolchains\llvm_arm\ATfE-21.1.1-Windows-x86_64\bin\..\lib\clang-runtimes/arm-none-eabi/armv8m.main_hard_fp_exn_rtti_unaligned_size\lib\libc.a(libc_tinystdio_filestrput.c.o)
                                                  C:\Renesas\e2_studio\toolchains\llvm_arm\ATfE-21.1.1-Windows-x86_64\bin\..\lib\clang-runtimes/arm-none-eabi/armv8m.main_hard_fp_exn_rtti_unaligned_size\lib\libc.a(libc_tinystdio_snprintf.c.o)
__dtox_engine                                     C:\Renesas\e2_studio\toolchains\llvm_arm\ATfE-21.1.1-Windows-x86_64\bin\..\lib\clang-runtimes/arm-none-eabi/armv8m.main_hard_fp_exn_rtti_unaligned_size\lib\libc.a(libc_tinystdio_dtox_engine.c.o)
                                                  C:\Renesas\e2_studio\toolchains\llvm_arm\ATfE-21.1.1-Windows-x86_64\bin\..\lib\clang-runtimes/arm-none-eabi/armv8m.main_hard_fp_exn_rtti_unaligned_size\lib\libc.a(libc_tinystdio_vfprintf.c.o)
__dtoa_engine                                     C:\Renesas\e2_studio\toolchains\llvm_arm\ATfE-21.1.1-Windows-x86_64\bin\..\lib\clang-runtimes/arm-none-eabi/armv8m.main_hard_fp_exn_rtti_unaligned_size\lib\libc.a(libc_tinystdio_dtoa_ryu.c.o)
                                                  C:\Renesas\e2_studio\toolchains\llvm_arm\ATfE-21.1.1-Windows-x86_64\bin\..\lib\clang-runtimes/arm-none-eabi/armv8m.main_hard_fp_exn_rtti_unaligned_size\lib\libc.a(libc_tinystdio_vfprintf.c.o)
strnlen                                           C:\Renesas\e2_studio\toolchains\llvm_arm\ATfE-21.1.1-Windows-x86_64\bin\..\lib\clang-runtimes/arm-none-eabi/armv8m.main_hard_fp_exn_rtti_unaligned_size\lib\libc.a(libc_string_strnlen.c.o)
                                                  C:\Renesas\e2_studio\toolchains\llvm_arm\ATfE-21.1.1-Windows-x86_64\bin\..\lib\clang-runtimes/arm-none-eabi/armv8m.main_hard_fp_exn_rtti_unaligned_size\lib\libc.a(libc_tinystdio_vfprintf.c.o)
__d_vfprintf                                      C:\Renesas\e2_studio\toolchains\llvm_arm\ATfE-21.1.1-Windows-x86_64\bin\..\lib\clang-runtimes/arm-none-eabi/armv8m.main_hard_fp_exn_rtti_unaligned_size\lib\libc.a(libc_tinystdio_vfprintf.c.o)
__log10Pow2                                       C:\Renesas\e2_studio\toolchains\llvm_arm\ATfE-21.1.1-Windows-x86_64\bin\..\lib\clang-runtimes/arm-none-eabi/armv8m.main_hard_fp_exn_rtti_unaligned_size\lib\libc.a(libc_tinystdio_ryu_log10.c.o)
                                                  C:\Renesas\e2_studio\toolchains\llvm_arm\ATfE-21.1.1-Windows-x86_64\bin\..\lib\clang-runtimes/arm-none-eabi/armv8m.main_hard_fp_exn_rtti_unaligned_size\lib\libc.a(libc_tinystdio_dtoa_ryu.c.o)
__pow5bits                                        C:\Renesas\e2_studio\toolchains\llvm_arm\ATfE-21.1.1-Windows-x86_64\bin\..\lib\clang-runtimes/arm-none-eabi/armv8m.main_hard_fp_exn_rtti_unaligned_size\lib\libc.a(libc_tinystdio_ryu_pow5bits.c.o)
                                                  C:\Renesas\e2_studio\toolchains\llvm_arm\ATfE-21.1.1-Windows-x86_64\bin\..\lib\clang-runtimes/arm-none-eabi/armv8m.main_hard_fp_exn_rtti_unaligned_size\lib\libc.a(libc_tinystdio_dtoa_ryu.c.o)
                                                  C:\Renesas\e2_studio\toolchains\llvm_arm\ATfE-21.1.1-Windows-x86_64\bin\..\lib\clang-runtimes/arm-none-eabi/armv8m.main_hard_fp_exn_rtti_unaligned_size\lib\libc.a(libc_tinystdio_ryu_table.c.o)
__double_computeInvPow5                           C:\Renesas\e2_studio\toolchains\llvm_arm\ATfE-21.1.1-Windows-x86_64\bin\..\lib\clang-runtimes/arm-none-eabi/armv8m.main_hard_fp_exn_rtti_unaligned_size\lib\libc.a(libc_tinystdio_ryu_table.c.o)
                                                  C:\Renesas\e2_studio\toolchains\llvm_arm\ATfE-21.1.1-Windows-x86_64\bin\..\lib\clang-runtimes/arm-none-eabi/armv8m.main_hard_fp_exn_rtti_unaligned_size\lib\libc.a(libc_tinystdio_dtoa_ryu.c.o)
__pow5Factor                                      C:\Renesas\e2_studio\toolchains\llvm_arm\ATfE-21.1.1-Windows-x86_64\bin\..\lib\clang-runtimes/arm-none-eabi/armv8m.main_hard_fp_exn_rtti_unaligned_size\lib\libc.a(libc_tinystdio_ryu_table.c.o)
                                                  C:\Renesas\e2_studio\toolchains\llvm_arm\ATfE-21.1.1-Windows-x86_64\bin\..\lib\clang-runtimes/arm-none-eabi/armv8m.main_hard_fp_exn_rtti_unaligned_size\lib\libc.a(libc_tinystdio_dtoa_ryu.c.o)
__log10Pow5                                       C:\Renesas\e2_studio\toolchains\llvm_arm\ATfE-21.1.1-Windows-x86_64\bin\..\lib\clang-runtimes/arm-none-eabi/armv8m.main_hard_fp_exn_rtti_unaligned_size\lib\libc.a(libc_tinystdio_ryu_log10.c.o)
                                                  C:\Renesas\e2_studio\toolchains\llvm_arm\ATfE-21.1.1-Windows-x86_64\bin\..\lib\clang-runtimes/arm-none-eabi/armv8m.main_hard_fp_exn_rtti_unaligned_size\lib\libc.a(libc_tinystdio_dtoa_ryu.c.o)
__double_computePow5                              C:\Renesas\e2_studio\toolchains\llvm_arm\ATfE-21.1.1-Windows-x86_64\bin\..\lib\clang-runtimes/arm-none-eabi/armv8m.main_hard_fp_exn_rtti_unaligned_size\lib\libc.a(libc_tinystdio_ryu_table.c.o)
                                                  C:\Renesas\e2_studio\toolchains\llvm_arm\ATfE-21.1.1-Windows-x86_64\bin\..\lib\clang-runtimes/arm-none-eabi/armv8m.main_hard_fp_exn_rtti_unaligned_size\lib\libc.a(libc_tinystdio_dtoa_ryu.c.o)
__umul128                                         C:\Renesas\e2_studio\toolchains\llvm_arm\ATfE-21.1.1-Windows-x86_64\bin\..\lib\clang-runtimes/arm-none-eabi/armv8m.main_hard_fp_exn_rtti_unaligned_size\lib\libc.a(libc_tinystdio_ryu_umul128.c.o)
                                                  C:\Renesas\e2_studio\toolchains\llvm_arm\ATfE-21.1.1-Windows-x86_64\bin\..\lib\clang-runtimes/arm-none-eabi/armv8m.main_hard_fp_exn_rtti_unaligned_size\lib\libc.a(libc_tinystdio_dtoa_ryu.c.o)
                                                  C:\Renesas\e2_studio\toolchains\llvm_arm\ATfE-21.1.1-Windows-x86_64\bin\..\lib\clang-runtimes/arm-none-eabi/armv8m.main_hard_fp_exn_rtti_unaligned_size\lib\libc.a(libc_tinystdio_ryu_table.c.o)
__shiftright128                                   C:\Renesas\e2_studio\toolchains\llvm_arm\ATfE-21.1.1-Windows-x86_64\bin\..\lib\clang-runtimes/arm-none-eabi/armv8m.main_hard_fp_exn_rtti_unaligned_size\lib\libc.a(libc_tinystdio_ryu_umul128.c.o)
                                                  C:\Renesas\e2_studio\toolchains\llvm_arm\ATfE-21.1.1-Windows-x86_64\bin\..\lib\clang-runtimes/arm-none-eabi/armv8m.main_hard_fp_exn_rtti_unaligned_size\lib\libc.a(libc_tinystdio_dtoa_ryu.c.o)
                                                  C:\Renesas\e2_studio\toolchains\llvm_arm\ATfE-21.1.1-Windows-x86_64\bin\..\lib\clang-runtimes/arm-none-eabi/armv8m.main_hard_fp_exn_rtti_unaligned_size\lib\libc.a(libc_tinystdio_ryu_table.c.o)
expl                                              C:\Renesas\e2_studio\toolchains\llvm_arm\ATfE-21.1.1-Windows-x86_64\bin\..\lib\clang-runtimes/arm-none-eabi/armv8m.main_hard_fp_exn_rtti_unaligned_size\lib\libc.a(libm_math_s_exp.c.o)
log                                               C:\Renesas\e2_studio\toolchains\llvm_arm\ATfE-21.1.1-Windows-x86_64\bin\..\lib\clang-runtimes/arm-none-eabi/armv8m.main_hard_fp_exn_rtti_unaligned_size\lib\libc.a(libm_math_s_log.c.o)
                                                  C:\Renesas\e2_studio\toolchains\llvm_arm\ATfE-21.1.1-Windows-x86_64\bin\..\lib\clang-runtimes/arm-none-eabi/armv8m.main_hard_fp_exn_rtti_unaligned_size\lib\libc.a(libm_math_s_log10.c.o)
log10l                                            C:\Renesas\e2_studio\toolchains\llvm_arm\ATfE-21.1.1-Windows-x86_64\bin\..\lib\clang-runtimes/arm-none-eabi/armv8m.main_hard_fp_exn_rtti_unaligned_size\lib\libc.a(libm_math_s_log10.c.o)
logl                                              C:\Renesas\e2_studio\toolchains\llvm_arm\ATfE-21.1.1-Windows-x86_64\bin\..\lib\clang-runtimes/arm-none-eabi/armv8m.main_hard_fp_exn_rtti_unaligned_size\lib\libc.a(libm_math_s_log.c.o)
scalbn                                            C:\Renesas\e2_studio\toolchains\llvm_arm\ATfE-21.1.1-Windows-x86_64\bin\..\lib\clang-runtimes/arm-none-eabi/armv8m.main_hard_fp_exn_rtti_unaligned_size\lib\libc.a(libm_common_s_scalbn.c.o)
                                                  C:\Renesas\e2_studio\toolchains\llvm_arm\ATfE-21.1.1-Windows-x86_64\bin\..\lib\clang-runtimes/arm-none-eabi/armv8m.main_hard_fp_exn_rtti_unaligned_size\lib\libc.a(libm_math_s_pow.c.o)
sqrt                                              C:\Renesas\e2_studio\toolchains\llvm_arm\ATfE-21.1.1-Windows-x86_64\bin\..\lib\clang-runtimes/arm-none-eabi/armv8m.main_hard_fp_exn_rtti_unaligned_size\lib\libc.a(libm_machine_arm_s_sqrt.c.o)
                                                  C:\Renesas\e2_studio\toolchains\llvm_arm\ATfE-21.1.1-Windows-x86_64\bin\..\lib\clang-runtimes/arm-none-eabi/armv8m.main_hard_fp_exn_rtti_unaligned_size\lib\libc.a(libm_math_s_pow.c.o)
_pow                                              C:\Renesas\e2_studio\toolchains\llvm_arm\ATfE-21.1.1-Windows-x86_64\bin\..\lib\clang-runtimes/arm-none-eabi/armv8m.main_hard_fp_exn_rtti_unaligned_size\lib\libc.a(libm_math_s_pow.c.o)
powl                                              C:\Renesas\e2_studio\toolchains\llvm_arm\ATfE-21.1.1-Windows-x86_64\bin\..\lib\clang-runtimes/arm-none-eabi/armv8m.main_hard_fp_exn_rtti_unaligned_size\lib\libc.a(libm_math_s_pow.c.o)
__isnand                                          C:\Renesas\e2_studio\toolchains\llvm_arm\ATfE-21.1.1-Windows-x86_64\bin\..\lib\clang-runtimes/arm-none-eabi/armv8m.main_hard_fp_exn_rtti_unaligned_size\lib\libc.a(libm_common_s_isnan.c.o)
                                                  C:\Renesas\e2_studio\toolchains\llvm_arm\ATfE-21.1.1-Windows-x86_64\bin\..\lib\clang-runtimes/arm-none-eabi/armv8m.main_hard_fp_exn_rtti_unaligned_size\lib\libc.a(libm_machine_arm_s_sqrt.c.o)
                                                  C:\Renesas\e2_studio\toolchains\llvm_arm\ATfE-21.1.1-Windows-x86_64\bin\..\lib\clang-runtimes/arm-none-eabi/armv8m.main_hard_fp_exn_rtti_unaligned_size\lib\libc.a(libm_common_math_err_invalid.c.o)
sqrtl                                             C:\Renesas\e2_studio\toolchains\llvm_arm\ATfE-21.1.1-Windows-x86_64\bin\..\lib\clang-runtimes/arm-none-eabi/armv8m.main_hard_fp_exn_rtti_unaligned_size\lib\libc.a(libm_machine_arm_s_sqrt.c.o)
ldexp                                             C:\Renesas\e2_studio\toolchains\llvm_arm\ATfE-21.1.1-Windows-x86_64\bin\..\lib\clang-runtimes/arm-none-eabi/armv8m.main_hard_fp_exn_rtti_unaligned_size\lib\libc.a(libm_common_s_scalbn.c.o)
scalbnl                                           C:\Renesas\e2_studio\toolchains\llvm_arm\ATfE-21.1.1-Windows-x86_64\bin\..\lib\clang-runtimes/arm-none-eabi/armv8m.main_hard_fp_exn_rtti_unaligned_size\lib\libc.a(libm_common_s_scalbn.c.o)
ldexpl                                            C:\Renesas\e2_studio\toolchains\llvm_arm\ATfE-21.1.1-Windows-x86_64\bin\..\lib\clang-runtimes/arm-none-eabi/armv8m.main_hard_fp_exn_rtti_unaligned_size\lib\libc.a(libm_common_s_scalbn.c.o)
isnan                                             C:\Renesas\e2_studio\toolchains\llvm_arm\ATfE-21.1.1-Windows-x86_64\bin\..\lib\clang-runtimes/arm-none-eabi/armv8m.main_hard_fp_exn_rtti_unaligned_size\lib\libc.a(libm_common_s_isnan.c.o)
isnanl                                            C:\Renesas\e2_studio\toolchains\llvm_arm\ATfE-21.1.1-Windows-x86_64\bin\..\lib\clang-runtimes/arm-none-eabi/armv8m.main_hard_fp_exn_rtti_unaligned_size\lib\libc.a(libm_common_s_isnan.c.o)
__isnanl                                          C:\Renesas\e2_studio\toolchains\llvm_arm\ATfE-21.1.1-Windows-x86_64\bin\..\lib\clang-runtimes/arm-none-eabi/armv8m.main_hard_fp_exn_rtti_unaligned_size\lib\libc.a(libm_common_s_isnan.c.o)
